CCS PCM C Compiler, Version 5.015, 5967               07-Haz-21 17:32

               Filename:   C:\Users\asus\Desktop\Microcontrollers Project 160412049\Code\main.lst

               ROM used:   2328 words (28%)
                           Largest free fragment is 2048
               RAM used:   43 (12%) at main() level
                           60 (16%) worst case
               Stack used: 6 locations (5 in main + 1 for interrupts)
               Stack size: 8

*
0000:  MOVLW  08
0001:  MOVWF  0A
0002:  GOTO   000
0003:  NOP
0004:  MOVWF  7F
0005:  SWAPF  03,W
0006:  CLRF   03
0007:  MOVWF  21
0008:  MOVF   0A,W
0009:  MOVWF  20
000A:  CLRF   0A
000B:  MOVF   04,W
000C:  MOVWF  22
000D:  MOVF   77,W
000E:  MOVWF  23
000F:  MOVF   78,W
0010:  MOVWF  24
0011:  MOVF   79,W
0012:  MOVWF  25
0013:  MOVF   7A,W
0014:  MOVWF  26
0015:  BSF    03.6
0016:  MOVF   0D,W
0017:  BCF    03.6
0018:  MOVWF  27
0019:  BSF    03.6
001A:  MOVF   0F,W
001B:  BCF    03.6
001C:  MOVWF  28
001D:  BSF    03.6
001E:  MOVF   0C,W
001F:  BCF    03.6
0020:  MOVWF  29
0021:  BSF    03.6
0022:  MOVF   0E,W
0023:  BCF    03.6
0024:  MOVWF  2A
0025:  BCF    03.7
0026:  BCF    03.5
0027:  BTFSS  0B.3
0028:  GOTO   02B
0029:  BTFSC  0B.0
002A:  GOTO   04C
002B:  MOVF   22,W
002C:  MOVWF  04
002D:  MOVF   23,W
002E:  MOVWF  77
002F:  MOVF   24,W
0030:  MOVWF  78
0031:  MOVF   25,W
0032:  MOVWF  79
0033:  MOVF   26,W
0034:  MOVWF  7A
0035:  MOVF   27,W
0036:  BSF    03.6
0037:  MOVWF  0D
0038:  BCF    03.6
0039:  MOVF   28,W
003A:  BSF    03.6
003B:  MOVWF  0F
003C:  BCF    03.6
003D:  MOVF   29,W
003E:  BSF    03.6
003F:  MOVWF  0C
0040:  BCF    03.6
0041:  MOVF   2A,W
0042:  BSF    03.6
0043:  MOVWF  0E
0044:  BCF    03.6
0045:  MOVF   20,W
0046:  MOVWF  0A
0047:  SWAPF  21,W
0048:  MOVWF  03
0049:  SWAPF  7F,F
004A:  SWAPF  7F,W
004B:  RETFIE
004C:  BCF    0A.3
004D:  BCF    0A.4
004E:  GOTO   04F
.................... #include <16F877A.h>        // Introducing the header file of the controller to use. 
.................... //////////// Standard Header file for the PIC16F877A device //////////////// 
.................... /////////////////////////////////////////////////////////////////////////// 
.................... ////        (C) Copyright 1996, 2013 Custom Computer Services          //// 
.................... //// This source code may only be used by licensed users of the CCS C  //// 
.................... //// compiler.  This source code may only be distributed to other      //// 
.................... //// licensed users of the CCS C compiler.  No other use, reproduction //// 
.................... //// or distribution is permitted without written permission.          //// 
.................... //// Derivative programs created using this software in object code    //// 
.................... //// form are not restricted in any way.                               //// 
.................... /////////////////////////////////////////////////////////////////////////// 
.................... #device PIC16F877A 
*
0076:  DATA 0C,29
0077:  DATA 65,33
0078:  DATA BA,12
0079:  DATA EC,3A
007A:  DATA 00,00
007B:  DATA AC,25
007C:  DATA 70,1D
007D:  DATA 25,36
007E:  DATA 75,00
007F:  DATA 20,05
0080:  DATA 45,39
0081:  DATA BA,12
0082:  DATA EC,34
0083:  DATA 00,00
0084:  DATA 2C,28
0085:  DATA F7,36
0086:  DATA BA,12
0087:  DATA EC,34
0088:  DATA 00,1F
0089:  DATA 0C,29
008A:  DATA 65,33
008B:  DATA BA,12
008C:  DATA EC,3A
008D:  DATA 00,01
008E:  DATA AC,25
008F:  DATA 70,1D
0090:  DATA 25,36
0091:  DATA 75,00
0092:  DATA 20,05
0093:  DATA 45,39
0094:  DATA BA,12
0095:  DATA EC,34
0096:  DATA 00,01
0097:  DATA 2C,28
0098:  DATA F7,36
0099:  DATA BA,12
009A:  DATA EC,34
009B:  DATA 00,00
*
0141:  MOVLW  8E
0142:  MOVWF  77
0143:  MOVF   45,W
0144:  MOVWF  78
0145:  MOVF   44,W
0146:  MOVWF  79
0147:  CLRF   7A
0148:  MOVF   78,F
0149:  BTFSS  03.2
014A:  GOTO   155
014B:  MOVF   79,W
014C:  MOVWF  78
014D:  CLRF   79
014E:  MOVLW  08
014F:  SUBWF  77,F
0150:  MOVF   78,F
0151:  BTFSS  03.2
0152:  GOTO   155
0153:  CLRF   77
0154:  GOTO   15D
0155:  BCF    03.0
0156:  BTFSC  78.7
0157:  GOTO   15C
0158:  RLF    79,F
0159:  RLF    78,F
015A:  DECF   77,F
015B:  GOTO   155
015C:  BCF    78.7
015D:  RETURN
015E:  MOVF   44,W
015F:  BTFSC  03.2
0160:  GOTO   1CE
0161:  MOVWF  4C
0162:  MOVF   48,W
0163:  BTFSC  03.2
0164:  GOTO   1CE
0165:  ADDWF  4C,F
0166:  BTFSC  03.0
0167:  GOTO   16F
0168:  MOVLW  7F
0169:  SUBWF  4C,F
016A:  BTFSS  03.0
016B:  GOTO   1CE
016C:  BTFSC  03.2
016D:  GOTO   1CE
016E:  GOTO   173
016F:  MOVLW  81
0170:  ADDWF  4C,F
0171:  BTFSC  03.0
0172:  GOTO   1CE
0173:  MOVF   4C,W
0174:  MOVWF  77
0175:  CLRF   78
0176:  CLRF   79
0177:  CLRF   7A
0178:  MOVF   45,W
0179:  MOVWF  50
017A:  BSF    50.7
017B:  MOVF   46,W
017C:  MOVWF  4F
017D:  MOVF   47,W
017E:  MOVWF  4E
017F:  MOVLW  18
0180:  MOVWF  4C
0181:  CLRF   4D
0182:  BTFSS  4E.0
0183:  GOTO   19C
0184:  MOVF   4B,W
0185:  ADDWF  7A,F
0186:  BTFSS  03.0
0187:  GOTO   18E
0188:  INCF   79,F
0189:  BTFSS  03.2
018A:  GOTO   18E
018B:  INCF   78,F
018C:  BTFSC  03.2
018D:  BSF    4D.7
018E:  MOVF   4A,W
018F:  ADDWF  79,F
0190:  BTFSS  03.0
0191:  GOTO   195
0192:  INCF   78,F
0193:  BTFSC  03.2
0194:  BSF    4D.7
0195:  MOVF   49,W
0196:  MOVWF  46
0197:  BSF    46.7
0198:  MOVF   46,W
0199:  ADDWF  78,F
019A:  BTFSC  03.0
019B:  BSF    4D.7
019C:  RLF    4D,F
019D:  RRF    78,F
019E:  RRF    79,F
019F:  RRF    7A,F
01A0:  RRF    50,F
01A1:  RRF    4F,F
01A2:  RRF    4E,F
01A3:  BCF    03.0
01A4:  DECFSZ 4C,F
01A5:  GOTO   181
01A6:  MOVLW  01
01A7:  ADDWF  77,F
01A8:  BTFSC  03.0
01A9:  GOTO   1CE
01AA:  BTFSC  78.7
01AB:  GOTO   1B3
01AC:  RLF    50,F
01AD:  RLF    7A,F
01AE:  RLF    79,F
01AF:  RLF    78,F
01B0:  DECF   77,F
01B1:  BTFSC  03.2
01B2:  GOTO   1CE
01B3:  BTFSS  50.7
01B4:  GOTO   1C4
01B5:  INCF   7A,F
01B6:  BTFSS  03.2
01B7:  GOTO   1C4
01B8:  INCF   79,F
01B9:  BTFSS  03.2
01BA:  GOTO   1C4
01BB:  INCF   78,F
01BC:  BTFSS  03.2
01BD:  GOTO   1C4
01BE:  RRF    78,F
01BF:  RRF    79,F
01C0:  RRF    7A,F
01C1:  INCF   77,F
01C2:  BTFSC  03.2
01C3:  GOTO   1CE
01C4:  MOVF   45,W
01C5:  MOVWF  4D
01C6:  MOVF   49,W
01C7:  XORWF  4D,F
01C8:  BTFSS  4D.7
01C9:  GOTO   1CC
01CA:  BSF    78.7
01CB:  GOTO   1D2
01CC:  BCF    78.7
01CD:  GOTO   1D2
01CE:  CLRF   77
01CF:  CLRF   78
01D0:  CLRF   79
01D1:  CLRF   7A
01D2:  RETURN
01D3:  MOVF   46,W
01D4:  BTFSC  03.2
01D5:  GOTO   298
01D6:  MOVWF  52
01D7:  MOVF   4A,W
01D8:  BTFSC  03.2
01D9:  GOTO   298
01DA:  SUBWF  52,F
01DB:  BTFSS  03.0
01DC:  GOTO   1E2
01DD:  MOVLW  7F
01DE:  ADDWF  52,F
01DF:  BTFSC  03.0
01E0:  GOTO   298
01E1:  GOTO   1E8
01E2:  MOVLW  81
01E3:  SUBWF  52,F
01E4:  BTFSS  03.0
01E5:  GOTO   298
01E6:  BTFSC  03.2
01E7:  GOTO   298
01E8:  MOVF   52,W
01E9:  MOVWF  77
01EA:  CLRF   78
01EB:  CLRF   79
01EC:  CLRF   7A
01ED:  CLRF   51
01EE:  MOVF   47,W
01EF:  MOVWF  50
01F0:  BSF    50.7
01F1:  MOVF   48,W
01F2:  MOVWF  4F
01F3:  MOVF   49,W
01F4:  MOVWF  4E
01F5:  MOVLW  19
01F6:  MOVWF  52
01F7:  MOVF   4D,W
01F8:  SUBWF  4E,F
01F9:  BTFSC  03.0
01FA:  GOTO   20B
01FB:  MOVLW  01
01FC:  SUBWF  4F,F
01FD:  BTFSC  03.0
01FE:  GOTO   20B
01FF:  SUBWF  50,F
0200:  BTFSC  03.0
0201:  GOTO   20B
0202:  SUBWF  51,F
0203:  BTFSC  03.0
0204:  GOTO   20B
0205:  INCF   51,F
0206:  INCF   50,F
0207:  INCF   4F,F
0208:  MOVF   4D,W
0209:  ADDWF  4E,F
020A:  GOTO   23D
020B:  MOVF   4C,W
020C:  SUBWF  4F,F
020D:  BTFSC  03.0
020E:  GOTO   226
020F:  MOVLW  01
0210:  SUBWF  50,F
0211:  BTFSC  03.0
0212:  GOTO   226
0213:  SUBWF  51,F
0214:  BTFSC  03.0
0215:  GOTO   226
0216:  INCF   51,F
0217:  INCF   50,F
0218:  MOVF   4C,W
0219:  ADDWF  4F,F
021A:  MOVF   4D,W
021B:  ADDWF  4E,F
021C:  BTFSS  03.0
021D:  GOTO   23D
021E:  INCF   4F,F
021F:  BTFSS  03.2
0220:  GOTO   23D
0221:  INCF   50,F
0222:  BTFSS  03.2
0223:  GOTO   23D
0224:  INCF   51,F
0225:  GOTO   23D
0226:  MOVF   4B,W
0227:  IORLW  80
0228:  SUBWF  50,F
0229:  BTFSC  03.0
022A:  GOTO   23C
022B:  MOVLW  01
022C:  SUBWF  51,F
022D:  BTFSC  03.0
022E:  GOTO   23C
022F:  INCF   51,F
0230:  MOVF   4B,W
0231:  IORLW  80
0232:  ADDWF  50,F
0233:  MOVF   4C,W
0234:  ADDWF  4F,F
0235:  BTFSS  03.0
0236:  GOTO   21A
0237:  INCF   50,F
0238:  BTFSS  03.2
0239:  GOTO   21A
023A:  INCF   51,F
023B:  GOTO   21A
023C:  BSF    7A.0
023D:  DECFSZ 52,F
023E:  GOTO   240
023F:  GOTO   24B
0240:  BCF    03.0
0241:  RLF    4E,F
0242:  RLF    4F,F
0243:  RLF    50,F
0244:  RLF    51,F
0245:  BCF    03.0
0246:  RLF    7A,F
0247:  RLF    79,F
0248:  RLF    78,F
0249:  RLF    53,F
024A:  GOTO   1F7
024B:  BTFSS  53.0
024C:  GOTO   253
024D:  BCF    03.0
024E:  RRF    78,F
024F:  RRF    79,F
0250:  RRF    7A,F
0251:  RRF    53,F
0252:  GOTO   256
0253:  DECF   77,F
0254:  BTFSC  03.2
0255:  GOTO   298
0256:  BTFSC  53.7
0257:  GOTO   27F
0258:  BCF    03.0
0259:  RLF    4E,F
025A:  RLF    4F,F
025B:  RLF    50,F
025C:  RLF    51,F
025D:  MOVF   4D,W
025E:  SUBWF  4E,F
025F:  BTFSC  03.0
0260:  GOTO   26B
0261:  MOVLW  01
0262:  SUBWF  4F,F
0263:  BTFSC  03.0
0264:  GOTO   26B
0265:  SUBWF  50,F
0266:  BTFSC  03.0
0267:  GOTO   26B
0268:  SUBWF  51,F
0269:  BTFSS  03.0
026A:  GOTO   28E
026B:  MOVF   4C,W
026C:  SUBWF  4F,F
026D:  BTFSC  03.0
026E:  GOTO   276
026F:  MOVLW  01
0270:  SUBWF  50,F
0271:  BTFSC  03.0
0272:  GOTO   276
0273:  SUBWF  51,F
0274:  BTFSS  03.0
0275:  GOTO   28E
0276:  MOVF   4B,W
0277:  IORLW  80
0278:  SUBWF  50,F
0279:  BTFSC  03.0
027A:  GOTO   27F
027B:  MOVLW  01
027C:  SUBWF  51,F
027D:  BTFSS  03.0
027E:  GOTO   28E
027F:  INCF   7A,F
0280:  BTFSS  03.2
0281:  GOTO   28E
0282:  INCF   79,F
0283:  BTFSS  03.2
0284:  GOTO   28E
0285:  INCF   78,F
0286:  BTFSS  03.2
0287:  GOTO   28E
0288:  INCF   77,F
0289:  BTFSC  03.2
028A:  GOTO   298
028B:  RRF    78,F
028C:  RRF    79,F
028D:  RRF    7A,F
028E:  MOVF   47,W
028F:  MOVWF  52
0290:  MOVF   4B,W
0291:  XORWF  52,F
0292:  BTFSS  52.7
0293:  GOTO   296
0294:  BSF    78.7
0295:  GOTO   29C
0296:  BCF    78.7
0297:  GOTO   29C
0298:  CLRF   77
0299:  CLRF   78
029A:  CLRF   79
029B:  CLRF   7A
029C:  RETURN
029D:  MOVLW  80
029E:  BTFSC  03.1
029F:  XORWF  4B,F
02A0:  CLRF   50
02A1:  CLRF   51
02A2:  MOVF   47,W
02A3:  MOVWF  4F
02A4:  MOVF   4B,W
02A5:  XORWF  4F,F
02A6:  MOVF   46,W
02A7:  BTFSC  03.2
02A8:  GOTO   38D
02A9:  MOVWF  4E
02AA:  MOVWF  77
02AB:  MOVF   4A,W
02AC:  BTFSC  03.2
02AD:  GOTO   396
02AE:  SUBWF  4E,F
02AF:  BTFSC  03.2
02B0:  GOTO   332
02B1:  BTFSS  03.0
02B2:  GOTO   2F0
02B3:  MOVF   4B,W
02B4:  MOVWF  54
02B5:  BSF    54.7
02B6:  MOVF   4C,W
02B7:  MOVWF  53
02B8:  MOVF   4D,W
02B9:  MOVWF  52
02BA:  CLRF   51
02BB:  BCF    03.0
02BC:  RRF    54,F
02BD:  RRF    53,F
02BE:  RRF    52,F
02BF:  RRF    51,F
02C0:  DECFSZ 4E,F
02C1:  GOTO   2BA
02C2:  BTFSS  4F.7
02C3:  GOTO   2C7
02C4:  BSF    50.0
02C5:  GOTO   3AA
02C6:  BCF    50.0
02C7:  BCF    4E.0
02C8:  BSF    50.4
02C9:  MOVLW  49
02CA:  MOVWF  04
02CB:  BCF    03.7
02CC:  GOTO   3BF
02CD:  BCF    50.4
02CE:  BTFSC  4F.7
02CF:  GOTO   2DA
02D0:  BTFSS  4E.0
02D1:  GOTO   2E5
02D2:  RRF    54,F
02D3:  RRF    53,F
02D4:  RRF    52,F
02D5:  RRF    51,F
02D6:  INCF   77,F
02D7:  BTFSC  03.2
02D8:  GOTO   3A5
02D9:  GOTO   2E5
02DA:  BTFSC  54.7
02DB:  GOTO   2E8
02DC:  BCF    03.0
02DD:  RLF    51,F
02DE:  RLF    52,F
02DF:  RLF    53,F
02E0:  RLF    54,F
02E1:  DECF   77,F
02E2:  BTFSC  03.2
02E3:  GOTO   3A5
02E4:  GOTO   2DA
02E5:  BSF    50.6
02E6:  GOTO   352
02E7:  BCF    50.6
02E8:  MOVF   47,W
02E9:  MOVWF  4F
02EA:  BTFSS  4F.7
02EB:  GOTO   2EE
02EC:  BSF    54.7
02ED:  GOTO   39E
02EE:  BCF    54.7
02EF:  GOTO   39E
02F0:  MOVF   4A,W
02F1:  MOVWF  4E
02F2:  MOVWF  77
02F3:  MOVF   46,W
02F4:  SUBWF  4E,F
02F5:  MOVF   47,W
02F6:  MOVWF  54
02F7:  BSF    54.7
02F8:  MOVF   48,W
02F9:  MOVWF  53
02FA:  MOVF   49,W
02FB:  MOVWF  52
02FC:  CLRF   51
02FD:  BCF    03.0
02FE:  RRF    54,F
02FF:  RRF    53,F
0300:  RRF    52,F
0301:  RRF    51,F
0302:  DECFSZ 4E,F
0303:  GOTO   2FC
0304:  BTFSS  4F.7
0305:  GOTO   309
0306:  BSF    50.1
0307:  GOTO   3AA
0308:  BCF    50.1
0309:  BCF    4E.0
030A:  BSF    50.5
030B:  MOVLW  4D
030C:  MOVWF  04
030D:  BCF    03.7
030E:  GOTO   3BF
030F:  BCF    50.5
0310:  BTFSC  4F.7
0311:  GOTO   31C
0312:  BTFSS  4E.0
0313:  GOTO   327
0314:  RRF    54,F
0315:  RRF    53,F
0316:  RRF    52,F
0317:  RRF    51,F
0318:  INCF   77,F
0319:  BTFSC  03.2
031A:  GOTO   3A5
031B:  GOTO   327
031C:  BTFSC  54.7
031D:  GOTO   32A
031E:  BCF    03.0
031F:  RLF    51,F
0320:  RLF    52,F
0321:  RLF    53,F
0322:  RLF    54,F
0323:  DECF   77,F
0324:  BTFSC  03.2
0325:  GOTO   3A5
0326:  GOTO   31C
0327:  BSF    50.7
0328:  GOTO   352
0329:  BCF    50.7
032A:  MOVF   4B,W
032B:  MOVWF  4F
032C:  BTFSS  4F.7
032D:  GOTO   330
032E:  BSF    54.7
032F:  GOTO   39E
0330:  BCF    54.7
0331:  GOTO   39E
0332:  MOVF   4B,W
0333:  MOVWF  54
0334:  BSF    54.7
0335:  MOVF   4C,W
0336:  MOVWF  53
0337:  MOVF   4D,W
0338:  MOVWF  52
0339:  BTFSS  4F.7
033A:  GOTO   33F
033B:  BCF    54.7
033C:  BSF    50.2
033D:  GOTO   3AA
033E:  BCF    50.2
033F:  CLRF   51
0340:  BCF    4E.0
0341:  MOVLW  49
0342:  MOVWF  04
0343:  BCF    03.7
0344:  GOTO   3BF
0345:  BTFSC  4F.7
0346:  GOTO   368
0347:  MOVF   47,W
0348:  MOVWF  4F
0349:  BTFSS  4E.0
034A:  GOTO   352
034B:  RRF    54,F
034C:  RRF    53,F
034D:  RRF    52,F
034E:  RRF    51,F
034F:  INCF   77,F
0350:  BTFSC  03.2
0351:  GOTO   3A5
0352:  BTFSS  51.7
0353:  GOTO   363
0354:  INCF   52,F
0355:  BTFSS  03.2
0356:  GOTO   363
0357:  INCF   53,F
0358:  BTFSS  03.2
0359:  GOTO   363
035A:  INCF   54,F
035B:  BTFSS  03.2
035C:  GOTO   363
035D:  RRF    54,F
035E:  RRF    53,F
035F:  RRF    52,F
0360:  INCF   77,F
0361:  BTFSC  03.2
0362:  GOTO   3A5
0363:  BTFSC  50.6
0364:  GOTO   2E7
0365:  BTFSC  50.7
0366:  GOTO   329
0367:  GOTO   387
0368:  MOVLW  80
0369:  XORWF  54,F
036A:  BTFSS  54.7
036B:  GOTO   370
036C:  GOTO   3AA
036D:  MOVF   4B,W
036E:  MOVWF  4F
036F:  GOTO   37D
0370:  MOVF   47,W
0371:  MOVWF  4F
0372:  MOVF   54,F
0373:  BTFSS  03.2
0374:  GOTO   37D
0375:  MOVF   53,F
0376:  BTFSS  03.2
0377:  GOTO   37D
0378:  MOVF   52,F
0379:  BTFSS  03.2
037A:  GOTO   37D
037B:  CLRF   77
037C:  GOTO   39E
037D:  BTFSC  54.7
037E:  GOTO   387
037F:  BCF    03.0
0380:  RLF    51,F
0381:  RLF    52,F
0382:  RLF    53,F
0383:  RLF    54,F
0384:  DECFSZ 77,F
0385:  GOTO   37D
0386:  GOTO   3A5
0387:  BTFSS  4F.7
0388:  GOTO   38B
0389:  BSF    54.7
038A:  GOTO   39E
038B:  BCF    54.7
038C:  GOTO   39E
038D:  MOVF   4A,W
038E:  MOVWF  77
038F:  MOVF   4B,W
0390:  MOVWF  54
0391:  MOVF   4C,W
0392:  MOVWF  53
0393:  MOVF   4D,W
0394:  MOVWF  52
0395:  GOTO   39E
0396:  MOVF   46,W
0397:  MOVWF  77
0398:  MOVF   47,W
0399:  MOVWF  54
039A:  MOVF   48,W
039B:  MOVWF  53
039C:  MOVF   49,W
039D:  MOVWF  52
039E:  MOVF   54,W
039F:  MOVWF  78
03A0:  MOVF   53,W
03A1:  MOVWF  79
03A2:  MOVF   52,W
03A3:  MOVWF  7A
03A4:  GOTO   3DD
03A5:  CLRF   77
03A6:  CLRF   78
03A7:  CLRF   79
03A8:  CLRF   7A
03A9:  GOTO   3DD
03AA:  CLRF   51
03AB:  COMF   52,F
03AC:  COMF   53,F
03AD:  COMF   54,F
03AE:  COMF   51,F
03AF:  INCF   51,F
03B0:  BTFSS  03.2
03B1:  GOTO   3B8
03B2:  INCF   52,F
03B3:  BTFSS  03.2
03B4:  GOTO   3B8
03B5:  INCF   53,F
03B6:  BTFSC  03.2
03B7:  INCF   54,F
03B8:  BTFSC  50.0
03B9:  GOTO   2C6
03BA:  BTFSC  50.1
03BB:  GOTO   308
03BC:  BTFSC  50.2
03BD:  GOTO   33E
03BE:  GOTO   36D
03BF:  MOVF   00,W
03C0:  ADDWF  52,F
03C1:  BTFSS  03.0
03C2:  GOTO   3C9
03C3:  INCF   53,F
03C4:  BTFSS  03.2
03C5:  GOTO   3C9
03C6:  INCF   54,F
03C7:  BTFSC  03.2
03C8:  BSF    4E.0
03C9:  DECF   04,F
03CA:  MOVF   00,W
03CB:  ADDWF  53,F
03CC:  BTFSS  03.0
03CD:  GOTO   3D1
03CE:  INCF   54,F
03CF:  BTFSC  03.2
03D0:  BSF    4E.0
03D1:  DECF   04,F
03D2:  MOVF   00,W
03D3:  BTFSS  00.7
03D4:  XORLW  80
03D5:  ADDWF  54,F
03D6:  BTFSC  03.0
03D7:  BSF    4E.0
03D8:  BTFSC  50.4
03D9:  GOTO   2CD
03DA:  BTFSC  50.5
03DB:  GOTO   30F
03DC:  GOTO   345
03DD:  RETURN
03DE:  MOVLW  8E
03DF:  MOVWF  77
03E0:  MOVF   42,W
03E1:  SUBWF  77,F
03E2:  MOVF   43,W
03E3:  MOVWF  79
03E4:  MOVF   44,W
03E5:  MOVWF  78
03E6:  BSF    79.7
03E7:  MOVF   77,F
03E8:  BTFSC  03.2
03E9:  GOTO   3F5
03EA:  BCF    03.0
03EB:  MOVF   79,F
03EC:  BTFSS  03.2
03ED:  GOTO   3F1
03EE:  MOVF   78,F
03EF:  BTFSC  03.2
03F0:  GOTO   3F5
03F1:  RRF    79,F
03F2:  RRF    78,F
03F3:  DECFSZ 77,F
03F4:  GOTO   3EA
03F5:  BTFSS  43.7
03F6:  GOTO   3FC
03F7:  COMF   78,F
03F8:  COMF   79,F
03F9:  INCF   78,F
03FA:  BTFSC  03.2
03FB:  INCF   79,F
03FC:  RETURN
*
043B:  MOVF   0B,W
043C:  MOVWF  43
043D:  BCF    0B.7
043E:  BSF    03.5
043F:  BSF    03.6
0440:  BSF    0C.7
0441:  BSF    0C.0
0442:  NOP
0443:  NOP
0444:  BCF    03.5
0445:  BCF    03.6
0446:  BTFSC  43.7
0447:  BSF    0B.7
0448:  BTFSC  03.0
0449:  GOTO   472
044A:  BSF    03.6
044B:  MOVF   0C,W
044C:  ANDLW  7F
044D:  BCF    03.6
044E:  MOVWF  43
044F:  BSF    03.6
0450:  MOVF   0D,W
0451:  BCF    03.6
0452:  MOVWF  44
0453:  BSF    03.6
0454:  MOVF   0F,W
0455:  BCF    03.6
0456:  MOVWF  45
0457:  MOVF   43,W
0458:  MOVWF  4B
0459:  CALL   40F
045A:  MOVF   44,W
045B:  BSF    03.6
045C:  MOVWF  0D
045D:  BCF    03.6
045E:  MOVF   45,W
045F:  BSF    03.6
0460:  MOVWF  0F
0461:  BCF    03.6
0462:  MOVF   0B,W
0463:  MOVWF  46
0464:  BCF    0B.7
0465:  BSF    03.5
0466:  BSF    03.6
0467:  BSF    0C.7
0468:  BSF    0C.0
0469:  NOP
046A:  NOP
046B:  BCF    03.5
046C:  BCF    03.6
046D:  BTFSC  46.7
046E:  BSF    0B.7
046F:  DECFSZ 42,F
0470:  GOTO   472
0471:  GOTO   491
0472:  BSF    03.6
0473:  RLF    0C,W
0474:  RLF    0E,W
0475:  ANDLW  7F
0476:  BCF    03.6
0477:  MOVWF  43
0478:  BSF    03.6
0479:  MOVF   0D,W
047A:  BCF    03.6
047B:  MOVWF  44
047C:  BSF    03.6
047D:  MOVF   0F,W
047E:  BCF    03.6
047F:  MOVWF  45
0480:  MOVF   43,W
0481:  MOVWF  4B
0482:  CALL   40F
0483:  MOVF   44,W
0484:  BSF    03.6
0485:  MOVWF  0D
0486:  BCF    03.6
0487:  MOVF   45,W
0488:  BSF    03.6
0489:  MOVWF  0F
048A:  INCF   0D,F
048B:  BTFSC  03.2
048C:  INCF   0F,F
048D:  BCF    03.0
048E:  BCF    03.6
048F:  DECFSZ 42,F
0490:  GOTO   43B
0491:  RETURN
0492:  CLRF   4A
0493:  MOVF   04,W
0494:  MOVWF  49
0495:  BCF    4A.0
0496:  BTFSC  03.7
0497:  BSF    4A.0
0498:  SWAPF  43,W
0499:  IORLW  F0
049A:  MOVWF  45
049B:  ADDWF  45,F
049C:  ADDLW  E2
049D:  MOVWF  46
049E:  ADDLW  32
049F:  MOVWF  48
04A0:  MOVF   43,W
04A1:  ANDLW  0F
04A2:  ADDWF  46,F
04A3:  ADDWF  46,F
04A4:  ADDWF  48,F
04A5:  ADDLW  E9
04A6:  MOVWF  47
04A7:  ADDWF  47,F
04A8:  ADDWF  47,F
04A9:  SWAPF  42,W
04AA:  ANDLW  0F
04AB:  ADDWF  47,F
04AC:  ADDWF  48,F
04AD:  RLF    47,F
04AE:  RLF    48,F
04AF:  COMF   48,F
04B0:  RLF    48,F
04B1:  MOVF   42,W
04B2:  ANDLW  0F
04B3:  ADDWF  48,F
04B4:  RLF    45,F
04B5:  MOVLW  07
04B6:  MOVWF  44
04B7:  MOVLW  0A
04B8:  ADDWF  48,F
04B9:  DECF   47,F
04BA:  BTFSS  03.0
04BB:  GOTO   4B8
04BC:  ADDWF  47,F
04BD:  DECF   46,F
04BE:  BTFSS  03.0
04BF:  GOTO   4BC
04C0:  ADDWF  46,F
04C1:  DECF   45,F
04C2:  BTFSS  03.0
04C3:  GOTO   4C0
04C4:  ADDWF  45,F
04C5:  DECF   44,F
04C6:  BTFSS  03.0
04C7:  GOTO   4C4
04C8:  MOVLW  44
04C9:  MOVWF  04
04CA:  BCF    03.7
04CB:  MOVLW  07
04CC:  ANDWF  49,W
04CD:  BCF    49.6
04CE:  ADDWF  04,F
04CF:  MOVLW  48
04D0:  SUBWF  04,W
04D1:  BTFSC  03.2
04D2:  BSF    49.6
04D3:  MOVF   00,W
04D4:  MOVWF  77
04D5:  BTFSS  03.2
04D6:  GOTO   4DF
04D7:  BTFSC  49.6
04D8:  GOTO   4DF
04D9:  BTFSC  49.4
04DA:  GOTO   4F1
04DB:  BTFSC  49.3
04DC:  GOTO   4DF
04DD:  MOVLW  20
04DE:  GOTO   4E2
04DF:  BSF    49.3
04E0:  BCF    49.4
04E1:  MOVLW  30
04E2:  ADDWF  77,F
04E3:  CLRF   43
04E4:  MOVF   04,W
04E5:  MOVWF  42
04E6:  BCF    43.0
04E7:  BTFSC  03.7
04E8:  BSF    43.0
04E9:  MOVF   77,W
04EA:  MOVWF  4B
04EB:  CALL   40F
04EC:  MOVF   42,W
04ED:  MOVWF  04
04EE:  BCF    03.7
04EF:  BTFSC  43.0
04F0:  BSF    03.7
04F1:  INCF   04,F
04F2:  BTFSS  49.6
04F3:  GOTO   4CF
04F4:  RETURN
*
050E:  CLRF   4A
050F:  MOVF   04,W
0510:  MOVWF  49
0511:  BCF    4A.0
0512:  BTFSC  03.7
0513:  BSF    4A.0
0514:  BTFSS  43.7
0515:  GOTO   51E
0516:  BSF    49.7
0517:  BTFSS  49.4
0518:  INCF   49,F
0519:  COMF   42,F
051A:  COMF   43,F
051B:  INCF   42,F
051C:  BTFSC  03.2
051D:  INCF   43,F
051E:  SWAPF  43,W
051F:  IORLW  F0
0520:  MOVWF  45
0521:  ADDWF  45,F
0522:  ADDLW  E2
0523:  MOVWF  46
0524:  ADDLW  32
0525:  MOVWF  48
0526:  MOVF   43,W
0527:  ANDLW  0F
0528:  ADDWF  46,F
0529:  ADDWF  46,F
052A:  ADDWF  48,F
052B:  ADDLW  E9
052C:  MOVWF  47
052D:  ADDWF  47,F
052E:  ADDWF  47,F
052F:  SWAPF  42,W
0530:  ANDLW  0F
0531:  ADDWF  47,F
0532:  ADDWF  48,F
0533:  RLF    47,F
0534:  RLF    48,F
0535:  COMF   48,F
0536:  RLF    48,F
0537:  MOVF   42,W
0538:  ANDLW  0F
0539:  ADDWF  48,F
053A:  RLF    45,F
053B:  MOVLW  07
053C:  MOVWF  44
053D:  MOVLW  0A
053E:  ADDWF  48,F
053F:  DECF   47,F
0540:  BTFSS  03.0
0541:  GOTO   53E
0542:  ADDWF  47,F
0543:  DECF   46,F
0544:  BTFSS  03.0
0545:  GOTO   542
0546:  ADDWF  46,F
0547:  DECF   45,F
0548:  BTFSS  03.0
0549:  GOTO   546
054A:  ADDWF  45,F
054B:  DECF   44,F
054C:  BTFSS  03.0
054D:  GOTO   54A
054E:  MOVLW  44
054F:  MOVWF  04
0550:  BCF    03.7
0551:  MOVLW  07
0552:  ANDWF  49,W
0553:  BCF    49.6
0554:  DECF   04,F
0555:  ANDWF  49,W
0556:  BTFSS  03.2
0557:  GOTO   55F
0558:  BTFSC  49.4
0559:  INCF   04,F
055A:  BTFSC  49.4
055B:  GOTO   55F
055C:  MOVLW  20
055D:  MOVWF  77
055E:  GOTO   57C
055F:  ADDWF  04,F
0560:  MOVLW  48
0561:  SUBWF  04,W
0562:  BTFSC  03.2
0563:  BSF    49.6
0564:  MOVF   00,W
0565:  MOVWF  77
0566:  BTFSS  03.2
0567:  GOTO   570
0568:  BTFSC  49.6
0569:  GOTO   570
056A:  BTFSC  49.4
056B:  GOTO   58A
056C:  BTFSC  49.3
056D:  GOTO   570
056E:  MOVLW  20
056F:  GOTO   57B
0570:  BTFSS  49.7
0571:  GOTO   578
0572:  MOVLW  2D
0573:  MOVWF  77
0574:  DECF   04,F
0575:  BCF    49.6
0576:  BCF    49.7
0577:  GOTO   57C
0578:  BSF    49.3
0579:  BCF    49.4
057A:  MOVLW  30
057B:  ADDWF  77,F
057C:  CLRF   43
057D:  MOVF   04,W
057E:  MOVWF  42
057F:  BCF    43.0
0580:  BTFSC  03.7
0581:  BSF    43.0
0582:  MOVF   77,W
0583:  MOVWF  4B
0584:  CALL   40F
0585:  MOVF   42,W
0586:  MOVWF  04
0587:  BCF    03.7
0588:  BTFSC  43.0
0589:  BSF    03.7
058A:  INCF   04,F
058B:  BTFSS  49.6
058C:  GOTO   560
058D:  RETURN
058E:  MOVF   43,W
058F:  XORWF  45,W
0590:  ANDLW  80
0591:  MOVWF  47
0592:  BTFSS  43.7
0593:  GOTO   599
0594:  COMF   42,F
0595:  COMF   43,F
0596:  INCF   42,F
0597:  BTFSC  03.2
0598:  INCF   43,F
0599:  BTFSS  45.7
059A:  GOTO   5A0
059B:  COMF   44,F
059C:  COMF   45,F
059D:  INCF   44,F
059E:  BTFSC  03.2
059F:  INCF   45,F
05A0:  MOVLW  10
05A1:  MOVWF  46
05A2:  CLRF   77
05A3:  CLRF   7A
05A4:  RRF    43,F
05A5:  RRF    42,F
05A6:  BTFSS  03.0
05A7:  GOTO   5AE
05A8:  MOVF   44,W
05A9:  ADDWF  77,F
05AA:  BTFSC  03.0
05AB:  INCF   7A,F
05AC:  MOVF   45,W
05AD:  ADDWF  7A,F
05AE:  RRF    7A,F
05AF:  RRF    77,F
05B0:  RRF    79,F
05B1:  RRF    78,F
05B2:  DECFSZ 46,F
05B3:  GOTO   5A4
05B4:  BTFSS  47.7
05B5:  GOTO   5BB
05B6:  COMF   78,F
05B7:  COMF   79,F
05B8:  INCF   78,F
05B9:  BTFSC  03.2
05BA:  INCF   79,F
05BB:  RETURN
05BC:  CLRF   78
05BD:  CLRF   79
05BE:  CLRF   77
05BF:  CLRF   7A
05C0:  MOVF   47,W
05C1:  BTFSS  03.2
05C2:  GOTO   5C6
05C3:  MOVF   46,W
05C4:  BTFSC  03.2
05C5:  GOTO   5E0
05C6:  MOVLW  10
05C7:  MOVWF  48
05C8:  BCF    03.0
05C9:  RLF    44,F
05CA:  RLF    45,F
05CB:  RLF    77,F
05CC:  RLF    7A,F
05CD:  MOVF   47,W
05CE:  SUBWF  7A,W
05CF:  BTFSS  03.2
05D0:  GOTO   5D3
05D1:  MOVF   46,W
05D2:  SUBWF  77,W
05D3:  BTFSS  03.0
05D4:  GOTO   5DC
05D5:  MOVF   46,W
05D6:  SUBWF  77,F
05D7:  BTFSS  03.0
05D8:  DECF   7A,F
05D9:  MOVF   47,W
05DA:  SUBWF  7A,F
05DB:  BSF    03.0
05DC:  RLF    78,F
05DD:  RLF    79,F
05DE:  DECFSZ 48,F
05DF:  GOTO   5C8
05E0:  BSF    0A.3
05E1:  BCF    0A.4
05E2:  GOTO   32E (RETURN)
....................  
.................... #list 
....................  
.................... #device adc=10              // It is stated that 10-bit ADC will be used. 
.................... #FUSES XT, NOWDT, NOPROTECT, NOBROWNOUT, NOLVP, NOPUT, NODEBUG, NOCPD // Controller configuration settings 
.................... #use delay(crystal=4000000) // Specifies the oscillator frequency to be used for the delay function. 
*
009C:  MOVLW  4C
009D:  MOVWF  04
009E:  BCF    03.7
009F:  MOVF   00,W
00A0:  BTFSC  03.2
00A1:  GOTO   0B0
00A2:  MOVLW  01
00A3:  MOVWF  78
00A4:  CLRF   77
00A5:  DECFSZ 77,F
00A6:  GOTO   0A5
00A7:  DECFSZ 78,F
00A8:  GOTO   0A4
00A9:  MOVLW  4A
00AA:  MOVWF  77
00AB:  DECFSZ 77,F
00AC:  GOTO   0AB
00AD:  GOTO   0AE
00AE:  DECFSZ 00,F
00AF:  GOTO   0A2
00B0:  RETURN
....................  
.................... #include <lcd.c> // introducing the lcd.c file 
.................... /////////////////////////////////////////////////////////////////////////////// 
.................... ////                             LCD.C                                     //// 
.................... ////                 Driver for common LCD modules                         //// 
.................... ////                                                                       //// 
.................... ////  lcd_init()   Must be called before any other function.               //// 
.................... ////                                                                       //// 
.................... ////  lcd_putc(c)  Will display c on the next position of the LCD.         //// 
.................... ////                 \a  Set cursor position to upper left                 //// 
.................... ////                 \f  Clear display, set cursor to upper left           //// 
.................... ////                 \n  Go to start of second line                        //// 
.................... ////                 \b  Move back one position                            //// 
.................... ////              If LCD_EXTENDED_NEWLINE is defined, the \n character     //// 
.................... ////              will erase all remanining characters on the current      //// 
.................... ////              line, and move the cursor to the beginning of the next   //// 
.................... ////              line.                                                    //// 
.................... ////              If LCD_EXTENDED_NEWLINE is defined, the \r character     //// 
.................... ////              will move the cursor to the start of the current         //// 
.................... ////              line.                                                    //// 
.................... ////                                                                       //// 
.................... ////  lcd_gotoxy(x,y) Set write position on LCD (upper left is 1,1)        //// 
.................... ////                                                                       //// 
.................... ////  lcd_getc(x,y)   Returns character at position x,y on LCD             //// 
.................... ////                                                                       //// 
.................... ////  lcd_cursor_on(int1 on)   Turn the cursor on (on=TRUE) or off         //// 
.................... ////              (on=FALSE).                                              //// 
.................... ////                                                                       //// 
.................... ////  lcd_set_cgram_char(w, *p)   Write a custom character to the CGRAM.   //// 
.................... ////                                                                       //// 
.................... ////                                                                       //// 
.................... ////  CONFIGURATION                                                        //// 
.................... ////  The LCD can be configured in one of two ways: a.) port access or     //// 
.................... ////  b.) pin access.  Port access requires the entire 7 bit interface     //// 
.................... ////  connected to one GPIO port, and the data bits (D4:D7 of the LCD)     //// 
.................... ////  connected to sequential pins on the GPIO.  Pin access                //// 
.................... ////  has no requirements, all 7 bits of the control interface can         //// 
.................... ////  can be connected to any GPIO using several ports.                    //// 
.................... ////                                                                       //// 
.................... ////  To use port access, #define LCD_DATA_PORT to the SFR location of     //// 
.................... ////  of the GPIO port that holds the interface, -AND- edit LCD_PIN_MAP    //// 
.................... ////  of this file to configure the pin order.  If you are using a         //// 
.................... ////  baseline PIC (PCB), then LCD_OUTPUT_MAP and LCD_INPUT_MAP also must  //// 
.................... ////  be defined.                                                          //// 
.................... ////                                                                       //// 
.................... ////  Example of port access:                                              //// 
.................... ////     #define LCD_DATA_PORT getenv("SFR:PORTD")                         //// 
.................... ////                                                                       //// 
.................... ////  To use pin access, the following pins must be defined:               //// 
.................... ////     LCD_ENABLE_PIN                                                    //// 
.................... ////     LCD_RS_PIN                                                        //// 
.................... ////     LCD_RW_PIN                                                        //// 
.................... ////     LCD_DATA4                                                         //// 
.................... ////     LCD_DATA5                                                         //// 
.................... ////     LCD_DATA6                                                         //// 
.................... ////     LCD_DATA7                                                         //// 
.................... ////                                                                       //// 
.................... ////  Example of pin access:                                               //// 
.................... ////     #define LCD_ENABLE_PIN  PIN_E0                                    //// 
.................... ////     #define LCD_RS_PIN      PIN_E1                                    //// 
.................... ////     #define LCD_RW_PIN      PIN_E2                                    //// 
.................... ////     #define LCD_DATA4       PIN_D4                                    //// 
.................... ////     #define LCD_DATA5       PIN_D5                                    //// 
.................... ////     #define LCD_DATA6       PIN_D6                                    //// 
.................... ////     #define LCD_DATA7       PIN_D7                                    //// 
.................... ////                                                                       //// 
.................... /////////////////////////////////////////////////////////////////////////////// 
.................... ////        (C) Copyright 1996,2010 Custom Computer Services           //// 
.................... //// This source code may only be used by licensed users of the CCS C  //// 
.................... //// compiler.  This source code may only be distributed to other      //// 
.................... //// licensed users of the CCS C compiler.  No other use, reproduction //// 
.................... //// or distribution is permitted without written permission.          //// 
.................... //// Derivative programs created using this software in object code    //// 
.................... //// form are not restricted in any way.                               //// 
.................... /////////////////////////////////////////////////////////////////////////// 
....................  
.................... #ifndef __LCD_C__ 
.................... #define __LCD_C__ 
....................  
.................... // define the pinout. 
.................... // only required if port access is being used. 
.................... typedef struct   
.................... {                            // This structure is overlayed 
....................    int1 enable;           // on to an I/O port to gain 
....................    int1 rs;               // access to the LCD pins. 
....................    int1 rw;               // The bits are allocated from 
....................    int1 unused;           // low order up.  ENABLE will 
....................    unsigned int     data : 4;         // be LSB pin of that port. 
....................   #if defined(__PCD__)       // The port used will be LCD_DATA_PORT. 
....................    unsigned int    reserved: 8; 
....................   #endif 
.................... } LCD_PIN_MAP; 
....................  
.................... // this is to improve compatability with previous LCD drivers that accepted 
.................... // a define labeled 'use_portb_lcd' that configured the LCD onto port B. 
.................... #if ((defined(use_portb_lcd)) && (use_portb_lcd==TRUE)) 
....................  #define LCD_DATA_PORT getenv("SFR:PORTB") 
.................... #endif 
....................  
.................... #if defined(__PCB__) 
....................    // these definitions only need to be modified for baseline PICs. 
....................    // all other PICs use LCD_PIN_MAP or individual LCD_xxx pin definitions. 
.................... /*                                    EN, RS,   RW,   UNUSED,  DATA  */ 
....................  const LCD_PIN_MAP LCD_OUTPUT_MAP =  {0,  0,    0,    0,       0}; 
....................  const LCD_PIN_MAP LCD_INPUT_MAP =   {0,  0,    0,    0,       0xF}; 
.................... #endif 
....................  
.................... ////////////////////// END CONFIGURATION /////////////////////////////////// 
....................  
.................... #ifndef LCD_ENABLE_PIN 
....................    #define lcd_output_enable(x) lcdlat.enable=x 
....................    #define lcd_enable_tris()   lcdtris.enable=0 
.................... #else 
....................    #define lcd_output_enable(x) output_bit(LCD_ENABLE_PIN, x) 
....................    #define lcd_enable_tris()  output_drive(LCD_ENABLE_PIN) 
.................... #endif 
....................  
.................... #ifndef LCD_RS_PIN 
....................    #define lcd_output_rs(x) lcdlat.rs=x 
....................    #define lcd_rs_tris()   lcdtris.rs=0 
.................... #else 
....................    #define lcd_output_rs(x) output_bit(LCD_RS_PIN, x) 
....................    #define lcd_rs_tris()  output_drive(LCD_RS_PIN) 
.................... #endif 
....................  
.................... #ifndef LCD_RW_PIN 
....................    #define lcd_output_rw(x) lcdlat.rw=x 
....................    #define lcd_rw_tris()   lcdtris.rw=0 
.................... #else 
....................    #define lcd_output_rw(x) output_bit(LCD_RW_PIN, x) 
....................    #define lcd_rw_tris()  output_drive(LCD_RW_PIN) 
.................... #endif 
....................  
.................... // original version of this library incorrectly labeled LCD_DATA0 as LCD_DATA4, 
.................... // LCD_DATA1 as LCD_DATA5, and so on.  this block of code makes the driver 
.................... // compatible with any code written for the original library 
.................... #if (defined(LCD_DATA0) && defined(LCD_DATA1) && defined(LCD_DATA2) && defined(LCD_DATA3) && !defined(LCD_DATA4) && !defined(LCD_DATA5) && !defined(LCD_DATA6) && !defined(LCD_DATA7)) 
....................    #define  LCD_DATA4    LCD_DATA0 
....................    #define  LCD_DATA5    LCD_DATA1 
....................    #define  LCD_DATA6    LCD_DATA2 
....................    #define  LCD_DATA7    LCD_DATA3 
.................... #endif 
....................  
.................... #ifndef LCD_DATA4 
.................... #ifndef LCD_DATA_PORT 
....................    #if defined(__PCB__) 
....................       #define LCD_DATA_PORT      0x06     //portb 
....................       #define set_tris_lcd(x)   set_tris_b(x) 
....................    #else 
....................      #if defined(PIN_D0) 
....................       #define LCD_DATA_PORT      getenv("SFR:PORTD")     //portd 
....................      #else 
....................       #define LCD_DATA_PORT      getenv("SFR:PORTB")     //portb 
....................      #endif 
....................    #endif    
.................... #endif 
....................  
.................... #if defined(__PCB__) 
....................    LCD_PIN_MAP lcd, lcdlat; 
....................    #byte lcd = LCD_DATA_PORT 
....................    #byte lcdlat = LCD_DATA_PORT 
.................... #elif defined(__PCM__) 
....................    LCD_PIN_MAP lcd, lcdlat, lcdtris; 
....................    #byte lcd = LCD_DATA_PORT 
....................    #byte lcdlat = LCD_DATA_PORT 
....................    #byte lcdtris = LCD_DATA_PORT+0x80 
.................... #elif defined(__PCH__) 
....................    LCD_PIN_MAP lcd, lcdlat, lcdtris; 
....................    #byte lcd = LCD_DATA_PORT 
....................    #byte lcdlat = LCD_DATA_PORT+9 
....................    #byte lcdtris = LCD_DATA_PORT+0x12 
.................... #elif defined(__PCD__) 
....................    LCD_PIN_MAP lcd, lcdlat, lcdtris; 
....................    #word lcd = LCD_DATA_PORT 
....................    #word lcdlat = LCD_DATA_PORT+2 
....................    #word lcdtris = LCD_DATA_PORT-0x02 
.................... #endif 
.................... #endif   //LCD_DATA4 not defined 
....................  
.................... #ifndef LCD_TYPE 
....................    #define LCD_TYPE 2           // 0=5x7, 1=5x10, 2=2 lines 
.................... #endif 
....................  
.................... #ifndef LCD_LINE_TWO 
....................    #define LCD_LINE_TWO 0x40    // LCD RAM address for the second line 
.................... #endif 
....................  
.................... #ifndef LCD_LINE_LENGTH 
....................    #define LCD_LINE_LENGTH 20 
.................... #endif 
....................  
.................... unsigned int8 lcd_read_nibble(void); 
....................  
.................... unsigned int8 lcd_read_byte(void) 
.................... { 
....................    unsigned int8 low,high; 
....................  
....................  #if defined(__PCB__) 
....................    set_tris_lcd(LCD_INPUT_MAP); 
....................  #else 
....................   #if (defined(LCD_DATA4) && defined(LCD_DATA5) && defined(LCD_DATA6) && defined(LCD_DATA7)) 
....................    output_float(LCD_DATA4); 
....................    output_float(LCD_DATA5); 
....................    output_float(LCD_DATA6); 
....................    output_float(LCD_DATA7); 
....................   #else 
....................    lcdtris.data = 0xF; 
*
00C9:  MOVLW  0F
00CA:  BSF    03.5
00CB:  ANDWF  08,W
00CC:  IORLW  F0
00CD:  MOVWF  08
....................   #endif 
....................  #endif 
....................          
....................    lcd_output_rw(1); 
00CE:  BCF    03.5
00CF:  BSF    08.2
....................    delay_cycles(1); 
00D0:  NOP
....................    lcd_output_enable(1); 
00D1:  BSF    08.0
....................    delay_cycles(1); 
00D2:  NOP
....................    high = lcd_read_nibble(); 
00D3:  CALL   0BD
00D4:  MOVF   78,W
00D5:  MOVWF  53
....................        
....................    lcd_output_enable(0); 
00D6:  BCF    08.0
....................    delay_cycles(1); 
00D7:  NOP
....................    lcd_output_enable(1); 
00D8:  BSF    08.0
....................    delay_us(1); 
00D9:  NOP
....................    low = lcd_read_nibble(); 
00DA:  CALL   0BD
00DB:  MOVF   78,W
00DC:  MOVWF  52
....................        
....................    lcd_output_enable(0); 
00DD:  BCF    08.0
....................  
....................  #if defined(__PCB__) 
....................    set_tris_lcd(LCD_OUTPUT_MAP); 
....................  #else 
....................   #if (defined(LCD_DATA4) && defined(LCD_DATA5) && defined(LCD_DATA6) && defined(LCD_DATA7)) 
....................    output_drive(LCD_DATA4); 
....................    output_drive(LCD_DATA5); 
....................    output_drive(LCD_DATA6); 
....................    output_drive(LCD_DATA7); 
....................   #else 
....................    lcdtris.data = 0x0; 
00DE:  MOVLW  0F
00DF:  BSF    03.5
00E0:  ANDWF  08,W
00E1:  MOVWF  08
....................   #endif 
....................  #endif 
....................  
....................    return( (high<<4) | low); 
00E2:  BCF    03.5
00E3:  SWAPF  53,W
00E4:  MOVWF  77
00E5:  MOVLW  F0
00E6:  ANDWF  77,F
00E7:  MOVF   77,W
00E8:  IORWF  52,W
00E9:  MOVWF  78
.................... } 
....................  
.................... unsigned int8 lcd_read_nibble(void) 
.................... { 
....................   #if (defined(LCD_DATA4) && defined(LCD_DATA5) && defined(LCD_DATA6) && defined(LCD_DATA7)) 
....................    unsigned int8 n = 0x00; 
....................  
....................    /* Read the data port */ 
....................    n |= input(LCD_DATA4); 
....................    n |= input(LCD_DATA5) << 1; 
....................    n |= input(LCD_DATA6) << 2; 
....................    n |= input(LCD_DATA7) << 3; 
....................     
....................    return(n); 
....................   #else 
....................    return(lcd.data); 
*
00BD:  MOVF   08,W
00BE:  MOVWF  77
00BF:  SWAPF  08,W
00C0:  ANDLW  0F
00C1:  MOVWF  78
....................   #endif 
00C2:  RETURN
.................... } 
....................  
.................... void lcd_send_nibble(unsigned int8 n) 
.................... { 
....................   #if (defined(LCD_DATA4) && defined(LCD_DATA5) && defined(LCD_DATA6) && defined(LCD_DATA7)) 
....................    /* Write to the data port */ 
....................    output_bit(LCD_DATA4, bit_test(n, 0)); 
....................    output_bit(LCD_DATA5, bit_test(n, 1)); 
....................    output_bit(LCD_DATA6, bit_test(n, 2)); 
....................    output_bit(LCD_DATA7, bit_test(n, 3)); 
....................   #else       
....................    lcdlat.data = n; 
*
00B1:  SWAPF  53,W
00B2:  ANDLW  F0
00B3:  MOVWF  77
00B4:  MOVLW  0F
00B5:  ANDWF  08,W
00B6:  IORWF  77,W
00B7:  MOVWF  08
....................   #endif 
....................        
....................    delay_cycles(1); 
00B8:  NOP
....................    lcd_output_enable(1); 
00B9:  BSF    08.0
....................    delay_us(2); 
00BA:  GOTO   0BB
....................    lcd_output_enable(0); 
00BB:  BCF    08.0
00BC:  RETURN
.................... } 
....................  
.................... void lcd_send_byte(unsigned int8 address, unsigned int8 n) 
.................... { 
....................   #if defined(__PCB__) 
....................    set_tris_lcd(LCD_OUTPUT_MAP); 
....................   #else 
....................    lcd_enable_tris(); 
*
00C3:  BSF    03.5
00C4:  BCF    08.0
....................    lcd_rs_tris(); 
00C5:  BCF    08.1
....................    lcd_rw_tris(); 
00C6:  BCF    08.2
....................   #endif 
....................  
....................    lcd_output_rs(0); 
00C7:  BCF    03.5
00C8:  BCF    08.1
....................    while ( bit_test(lcd_read_byte(),7) ) ; 
*
00EA:  MOVF   78,W
00EB:  MOVWF  52
00EC:  BTFSC  52.7
00ED:  GOTO   0C9
....................    lcd_output_rs(address); 
00EE:  BTFSS  50.0
00EF:  BCF    08.1
00F0:  BTFSC  50.0
00F1:  BSF    08.1
....................    delay_cycles(1); 
00F2:  NOP
....................    lcd_output_rw(0); 
00F3:  BCF    08.2
....................    delay_cycles(1); 
00F4:  NOP
....................    lcd_output_enable(0); 
00F5:  BCF    08.0
....................    lcd_send_nibble(n >> 4); 
00F6:  SWAPF  51,W
00F7:  MOVWF  52
00F8:  MOVLW  0F
00F9:  ANDWF  52,F
00FA:  MOVF   52,W
00FB:  MOVWF  53
00FC:  CALL   0B1
....................    lcd_send_nibble(n & 0xf); 
00FD:  MOVF   51,W
00FE:  ANDLW  0F
00FF:  MOVWF  52
0100:  MOVWF  53
0101:  CALL   0B1
0102:  RETURN
.................... } 
....................  
.................... #if defined(LCD_EXTENDED_NEWLINE) 
.................... unsigned int8 g_LcdX, g_LcdY; 
.................... #endif 
....................  
.................... void lcd_init(void)  
.................... { 
....................    unsigned int8 i; 
....................    unsigned int8 LCD_INIT_STRING[4] = {0x20 | (LCD_TYPE << 2), 0xc, 1, 6}; 
0103:  MOVLW  28
0104:  MOVWF  43
0105:  MOVLW  0C
0106:  MOVWF  44
0107:  MOVLW  01
0108:  MOVWF  45
0109:  MOVLW  06
010A:  MOVWF  46
....................                              // These bytes need to be sent to the LCD 
....................                              // to start it up. 
....................     
....................  
....................    lcd_output_enable(0); 
010B:  BCF    08.0
....................    lcd_output_rs(0); 
010C:  BCF    08.1
....................    lcd_output_rw(0); 
010D:  BCF    08.2
....................  
....................  #if defined(__PCB__) 
....................    set_tris_lcd(LCD_OUTPUT_MAP); 
....................  #else 
....................   #if (defined(LCD_DATA4) && defined(LCD_DATA5) && defined(LCD_DATA6) && defined(LCD_DATA7)) 
....................    output_drive(LCD_DATA4); 
....................    output_drive(LCD_DATA5); 
....................    output_drive(LCD_DATA6); 
....................    output_drive(LCD_DATA7); 
....................   #else 
....................    lcdtris.data = 0x0; 
010E:  MOVLW  0F
010F:  BSF    03.5
0110:  ANDWF  08,W
0111:  MOVWF  08
....................   #endif 
....................    lcd_enable_tris(); 
0112:  BCF    08.0
....................    lcd_rs_tris(); 
0113:  BCF    08.1
....................    lcd_rw_tris(); 
0114:  BCF    08.2
....................  #endif 
....................      
....................    delay_ms(15); 
0115:  MOVLW  0F
0116:  BCF    03.5
0117:  MOVWF  4C
0118:  CALL   09C
....................    for(i=1;i<=3;++i) 
0119:  MOVLW  01
011A:  MOVWF  42
011B:  MOVF   42,W
011C:  SUBLW  03
011D:  BTFSS  03.0
011E:  GOTO   127
....................    { 
....................        lcd_send_nibble(3); 
011F:  MOVLW  03
0120:  MOVWF  53
0121:  CALL   0B1
....................        delay_ms(5); 
0122:  MOVLW  05
0123:  MOVWF  4C
0124:  CALL   09C
0125:  INCF   42,F
0126:  GOTO   11B
....................    } 
....................     
....................    lcd_send_nibble(2); 
0127:  MOVLW  02
0128:  MOVWF  53
0129:  CALL   0B1
....................    delay_ms(5); 
012A:  MOVLW  05
012B:  MOVWF  4C
012C:  CALL   09C
....................    for(i=0;i<=3;++i) 
012D:  CLRF   42
012E:  MOVF   42,W
012F:  SUBLW  03
0130:  BTFSS  03.0
0131:  GOTO   13E
....................       lcd_send_byte(0,LCD_INIT_STRING[i]); 
0132:  MOVLW  43
0133:  ADDWF  42,W
0134:  MOVWF  04
0135:  BCF    03.7
0136:  MOVF   00,W
0137:  MOVWF  47
0138:  CLRF   50
0139:  MOVF   47,W
013A:  MOVWF  51
013B:  CALL   0C3
....................  
....................   #if defined(LCD_EXTENDED_NEWLINE) 
013C:  INCF   42,F
013D:  GOTO   12E
013E:  BSF    0A.3
013F:  BCF    0A.4
0140:  GOTO   023 (RETURN)
....................    g_LcdX = 0; 
....................    g_LcdY = 0; 
....................   #endif 
.................... } 
....................  
.................... void lcd_gotoxy(unsigned int8 x, unsigned int8 y) 
.................... { 
....................    unsigned int8 address; 
....................     
....................    if(y!=1) 
*
03FD:  DECFSZ 4D,W
03FE:  GOTO   400
03FF:  GOTO   403
....................       address=LCD_LINE_TWO; 
0400:  MOVLW  40
0401:  MOVWF  4E
0402:  GOTO   404
....................    else 
....................       address=0; 
0403:  CLRF   4E
....................       
....................    address+=x-1; 
0404:  MOVLW  01
0405:  SUBWF  4C,W
0406:  ADDWF  4E,F
....................    lcd_send_byte(0,0x80|address); 
0407:  MOVF   4E,W
0408:  IORLW  80
0409:  MOVWF  4F
040A:  CLRF   50
040B:  MOVF   4F,W
040C:  MOVWF  51
040D:  CALL   0C3
....................  
....................   #if defined(LCD_EXTENDED_NEWLINE) 
040E:  RETURN
....................    g_LcdX = x - 1; 
....................    g_LcdY = y - 1; 
....................   #endif 
.................... } 
....................  
.................... void lcd_putc(char c) 
.................... { 
....................    switch (c) 
040F:  MOVF   4B,W
0410:  XORLW  07
0411:  BTFSC  03.2
0412:  GOTO   41D
0413:  XORLW  0B
0414:  BTFSC  03.2
0415:  GOTO   422
0416:  XORLW  06
0417:  BTFSC  03.2
0418:  GOTO   42A
0419:  XORLW  02
041A:  BTFSC  03.2
041B:  GOTO   430
041C:  GOTO   435
....................    { 
....................       case '\a'   :  lcd_gotoxy(1,1);     break; 
041D:  MOVLW  01
041E:  MOVWF  4C
041F:  MOVWF  4D
0420:  CALL   3FD
0421:  GOTO   43A
....................  
....................       case '\f'   :  lcd_send_byte(0,1); 
0422:  CLRF   50
0423:  MOVLW  01
0424:  MOVWF  51
0425:  CALL   0C3
....................                      delay_ms(2); 
0426:  MOVLW  02
0427:  MOVWF  4C
0428:  CALL   09C
....................                     #if defined(LCD_EXTENDED_NEWLINE) 
....................                      g_LcdX = 0; 
....................                      g_LcdY = 0; 
....................                     #endif 
....................                      break; 
0429:  GOTO   43A
....................  
....................      #if defined(LCD_EXTENDED_NEWLINE) 
....................       case '\r'   :  lcd_gotoxy(1, g_LcdY+1);   break; 
....................       case '\n'   : 
....................          while (g_LcdX++ < LCD_LINE_LENGTH) 
....................          { 
....................             lcd_send_byte(1, ' '); 
....................          } 
....................          lcd_gotoxy(1, g_LcdY+2); 
....................          break; 
....................      #else 
....................       case '\n'   : lcd_gotoxy(1,2);        break; 
042A:  MOVLW  01
042B:  MOVWF  4C
042C:  MOVLW  02
042D:  MOVWF  4D
042E:  CALL   3FD
042F:  GOTO   43A
....................      #endif 
....................       
....................       case '\b'   : lcd_send_byte(0,0x10);  break; 
0430:  CLRF   50
0431:  MOVLW  10
0432:  MOVWF  51
0433:  CALL   0C3
0434:  GOTO   43A
....................       
....................      #if defined(LCD_EXTENDED_NEWLINE) 
....................       default     :  
....................          if (g_LcdX < LCD_LINE_LENGTH) 
....................          { 
....................             lcd_send_byte(1, c); 
....................             g_LcdX++; 
....................          } 
....................          break; 
....................      #else 
....................       default     : lcd_send_byte(1,c);     break; 
0435:  MOVLW  01
0436:  MOVWF  50
0437:  MOVF   4B,W
0438:  MOVWF  51
0439:  CALL   0C3
....................      #endif 
....................    } 
043A:  RETURN
.................... } 
....................   
.................... char lcd_getc(unsigned int8 x, unsigned int8 y) 
.................... { 
....................    char value; 
....................  
....................    lcd_gotoxy(x,y); 
....................    while ( bit_test(lcd_read_byte(),7) ); // wait until busy flag is low 
....................    lcd_output_rs(1); 
....................    value = lcd_read_byte(); 
....................    lcd_output_rs(0); 
....................     
....................    return(value); 
.................... } 
....................  
.................... // write a custom character to the ram 
.................... // which is 0-7 and specifies which character array we are modifying. 
.................... // ptr points to an array of 8 bytes, where each byte is the next row of 
.................... //    pixels.  only bits 0-4 are used.  the last row is the cursor row, and 
.................... //    usually you will want to leave this byte 0x00. 
.................... void lcd_set_cgram_char(unsigned int8 which, unsigned int8 *ptr) 
.................... { 
....................    unsigned int i; 
....................  
....................    which <<= 3; 
....................    which &= 0x38; 
....................  
....................    lcd_send_byte(0, 0x40 | which);  //set cgram address 
....................  
....................    for(i=0; i<8; i++) 
....................    { 
....................       lcd_send_byte(1, *ptr++); 
....................    } 
....................    
....................    #if defined(LCD_EXTENDED_NEWLINE) 
....................     lcd_gotoxy(g_LcdX+1, g_LcdY+1);  //set ddram address 
....................    #endif 
.................... } 
....................  
.................... void lcd_cursor_on(int1 on) 
.................... { 
....................    if (on) 
....................    { 
....................       lcd_send_byte(0,0x0F);           //turn LCD cursor ON 
....................    } 
....................    else 
....................    { 
....................       lcd_send_byte(0,0x0C);           //turn LCD cursor OFF 
....................    } 
.................... } 
....................  
.................... #endif 
....................  
....................  
.................... #define  in1 pin_b1 // PORTB1 is called in1 
.................... #define  in2 pin_b2 // PORTB2 is called in2 
....................  
....................  
.................... signed long rev = 0;        //Defining a variable named "rev". 
.................... signed long error= 1;       //Defining a variable named "error". 
.................... signed long duty_cycle=0;   //Defining a variable named "duty_cycle". 
.................... signed int quad = 0;        //Defining a variable named "quad". 
.................... signed long change = 0;     //Defining a variable named "change". 
.................... signed long angle = 0.0f;   //Defining a variable named "angle".  
.................... signed long value;          //Defining a variable named "value". 
.................... signed long last_read;      //Defining a variable named "last_read". 
.................... int8 encoderread;           //Defining a variable named "encoderread". 
.................... long realposition=0;        //Defining a variable named "realposition". 
.................... unsigned long Kp=0;        //Defining a variable named "Kp". The control parameter is calculated based on the information obtained from the pot connected to adc_1 
.................... unsigned int16 refangle= 20;   //Defining a variable named "refangle". Calculated based on information from pot connected to adc_0 
....................  
....................  
.................... #INT_RB                             //RB interrupt is activated when there is any change in pins b4-b7.  
....................                                     // It will be used to read the encoder information, depending on the motor. 
.................... void RB_IOC_ISR(void)               //encoder interrupt 
.................... { 
....................   clear_interrupt(INT_RB);          // Set the interrupt to 0. 
*
004F:  BCF    0B.0
....................   encoderread = input_b() & 0x30;   // Process the 8-bit PORTB value with the number h'30' (00110000) bit by bit and transfer it to the variable "encoderread". 
0050:  MOVLW  FF
0051:  BSF    03.5
0052:  MOVWF  06
0053:  BCF    03.5
0054:  MOVF   06,W
0055:  ANDLW  30
0056:  MOVWF  3A
....................                                     // Masking is done in this line. In other words, except the 4th and 5th bits of portb, the other bits are set to 0. 
....................   if(encoderread==last_read)        // If the content of the variable "encoderread" is equal to the content of the variable "last_read"; 
0057:  MOVF   38,W
0058:  SUBWF  3A,W
0059:  BTFSS  03.2
005A:  GOTO   05E
005B:  MOVF   39,F
005C:  BTFSC  03.2
....................    return;                          // Exit without interrupting and continue the program from where it left off. 
005D:  GOTO   072
....................     
....................                                     // If the content of "encoderread" variable is not equal to the content of "last_read" variable, that is, if there is a change in encoder information; 
....................   if(bit_test(encoderread,4)==bit_test(last_read,5))  // If bits 4 and 5 of the "encoderread" variable (also bits 4 and 5 of portb) are equal  
005E:  MOVLW  00
005F:  BTFSC  3A.4
0060:  MOVLW  01
0061:  MOVWF  56
0062:  MOVLW  00
0063:  BTFSC  38.5
0064:  MOVLW  01
0065:  SUBWF  56,W
0066:  BTFSS  03.2
0067:  GOTO   06B
....................    { 
....................    quad += 1;                       // Increment the content of the "quad" variable by one. (forward turn) 
0068:  MOVLW  01
0069:  ADDWF  31,F
....................    } 
006A:  GOTO   06D
....................     
....................    else                             // If bits 4 and 5 of the variable "encoderread" (also bits 4 and 5 of portb) are not equal 
....................    { 
....................    quad -= 1;                       // Decrease the content of the "quad" variable by one. (return) 
006B:  MOVLW  01
006C:  SUBWF  31,F
....................    } 
....................     
....................    last_read=encoderread;           // Pass the contents of the "encoderread" variable to the contents of the "last_read" variable. (prepares variable "last_read" for next comparison) 
006D:  CLRF   7A
006E:  MOVF   3A,W
006F:  MOVWF  38
0070:  MOVF   7A,W
0071:  MOVWF  39
0072:  BCF    0B.0
0073:  BCF    0A.3
0074:  BCF    0A.4
0075:  GOTO   02B
.................... } 
....................  
....................  
.................... signed int encoderget(void)         // Function to be used to detect the number of pulses 
*
04F5:  CLRF   42
.................... { 
....................   
....................  signed int value = 0 ;             // Set the "value" variable to 0. 
....................  while (quad>=4)                    // As long as the content of the variable "quad" is greater than or equal to 4, the following two lines are processed. 
04F6:  BTFSC  31.7
04F7:  GOTO   501
04F8:  MOVF   31,W
04F9:  SUBLW  03
04FA:  BTFSC  03.0
04FB:  GOTO   501
....................                                     // the purpose here is to increase the content of the variable "value" by 1 while decreasing the content of the variable "quad" by 4, 
....................                                     //is to calculate how far the encoder (hence the motor) rotates in the forward direction 
....................  { 
....................    value += 1;                      // Increment the content of the variable "value" by 1 
04FC:  MOVLW  01
04FD:  ADDWF  42,F
....................    quad -= 4;                       // Decrease the "quad" variable content by 4 
04FE:  MOVLW  04
04FF:  SUBWF  31,F
0500:  GOTO   4F6
....................  } 
....................  while(quad<=-4)                    // As long as the content of the variable "quad" is less than or equal to -4, the following two lines are processed.  
0501:  MOVF   31,W
0502:  XORLW  80
0503:  SUBLW  7C
0504:  BTFSS  03.0
0505:  GOTO   50B
....................                                     // here the goal is to increase the content of the "quad" variable by 4 while decreasing the content of the "value" variable by 1, 
....................                                     // is to calculate how much the encoder (hence the motor) rotates in the reverse direction 
....................  { 
....................   value -= 1;                       // Decrease the content of the "value" variable by 1 
0506:  MOVLW  01
0507:  SUBWF  42,F
....................   quad += 4;                        // Increment "quad" variable content by 4 
0508:  MOVLW  04
0509:  ADDWF  31,F
050A:  GOTO   501
....................  } 
....................  return value;                      // return with the contents of the variable "value" 
050B:  MOVF   42,W
050C:  MOVWF  78
050D:  RETURN
.................... } 
....................  
....................  
.................... void main()       // main program 
*
0800:  MOVF   03,W
0801:  ANDLW  1F
0802:  MOVWF  03
0803:  CLRF   2C
0804:  CLRF   2B
0805:  CLRF   2E
0806:  MOVLW  01
0807:  MOVWF  2D
0808:  CLRF   30
0809:  CLRF   2F
080A:  CLRF   31
080B:  CLRF   33
080C:  CLRF   32
080D:  CLRF   35
080E:  CLRF   34
080F:  CLRF   3C
0810:  CLRF   3B
0811:  CLRF   3E
0812:  CLRF   3D
0813:  CLRF   40
0814:  MOVLW  14
0815:  MOVWF  3F
0816:  MOVLW  FF
0817:  MOVWF  41
0818:  BSF    03.5
0819:  BSF    1F.0
081A:  BSF    1F.1
081B:  BSF    1F.2
081C:  BCF    1F.3
081D:  MOVLW  07
081E:  MOVWF  1C
081F:  BCF    03.7
.................... { 
....................  lcd_init();                          // LCD is getting ready 
0820:  BCF    0A.3
0821:  BCF    03.5
0822:  GOTO   103
0823:  BSF    0A.3
....................  delay_ms(10);                        // 10 mSec waiting time 
0824:  MOVLW  0A
0825:  MOVWF  4C
0826:  BCF    0A.3
0827:  CALL   09C
0828:  BSF    0A.3
....................  set_tris_c(0xff);                    // PORTC all output. only to be used as RC2 pwm output 
0829:  MOVLW  FF
082A:  BSF    03.5
082B:  MOVWF  07
082C:  BCF    03.5
082D:  MOVWF  41
....................  setup_ccp1(CCP_PWM);                 // RC2 pin set as PWM output (4KHz) 
082E:  BCF    41.2
082F:  MOVF   41,W
0830:  BSF    03.5
0831:  MOVWF  07
0832:  BCF    03.5
0833:  BCF    07.2
0834:  MOVLW  0C
0835:  MOVWF  17
....................  setup_timer_2(T2_DIV_BY_16, 255, 1); // Setting timer2 parameters for frequency setting of PWM signal. 
0836:  MOVLW  00
0837:  MOVWF  78
0838:  IORLW  06
0839:  MOVWF  12
083A:  MOVLW  FF
083B:  BSF    03.5
083C:  MOVWF  12
....................  setup_adc(adc_clock_div_32);         // ADC clock frequency fosc/32 
083D:  BCF    1F.6
083E:  BCF    03.5
083F:  BCF    1F.6
0840:  BSF    1F.7
0841:  BSF    03.5
0842:  BSF    1F.7
0843:  BCF    03.5
0844:  BSF    1F.0
....................  setup_adc_ports(AN0_AN1_AN3);        // A0, A1, A3 ARE SET AS ANALOG INPUT. (A3 not used) 
0845:  BSF    03.5
0846:  BCF    1F.0
0847:  BCF    1F.1
0848:  BSF    1F.2
0849:  BCF    1F.3
....................  
....................  enable_interrupts(INT_RB);           // Enable RB interrupt 
084A:  BCF    03.5
084B:  BSF    0B.3
....................  enable_interrupts(GLOBAL);           // Allow all interrupts 
084C:  MOVLW  C0
084D:  IORWF  0B,F
....................  
....................  output_low(in1);                     // 0 is given to motor driver input "in1" 
084E:  BSF    03.5
084F:  BCF    06.1
0850:  BCF    03.5
0851:  BCF    06.1
....................  output_low(in2);                     // 0 is given to motor driver input "in2"  
0852:  BSF    03.5
0853:  BCF    06.2
0854:  BCF    03.5
0855:  BCF    06.2
....................                                       // In this case, the motor does not rotate. 
....................  
....................  
.................... while(1) 
.................... { 
....................   set_adc_channel(0);                        // Prepare for RA0/AN0 ADC operation 
0856:  MOVLW  00
0857:  MOVWF  78
0858:  MOVF   1F,W
0859:  ANDLW  C7
085A:  IORWF  78,W
085B:  MOVWF  1F
....................   delay_us(10);                              // 10mSec delay time 
085C:  MOVLW  02
085D:  MOVWF  77
085E:  DECFSZ 77,F
085F:  GOTO   05E
0860:  GOTO   061
0861:  NOP
....................   refangle = read_adc()*250.0f/1023+20 ;     // Convert the data read from the ADC to the reference angle with the formula. 
0862:  BSF    1F.2
0863:  BTFSC  1F.2
0864:  GOTO   063
0865:  MOVF   1E,W
0866:  MOVWF  7A
0867:  BSF    03.5
0868:  MOVF   1E,W
0869:  BCF    03.5
086A:  MOVWF  42
086B:  MOVF   1E,W
086C:  MOVWF  43
086D:  MOVWF  45
086E:  MOVF   42,W
086F:  MOVWF  44
0870:  BCF    0A.3
0871:  CALL   141
0872:  BSF    0A.3
0873:  MOVF   7A,W
0874:  MOVWF  47
0875:  MOVF   79,W
0876:  MOVWF  46
0877:  MOVF   78,W
0878:  MOVWF  45
0879:  MOVF   77,W
087A:  MOVWF  44
087B:  CLRF   4B
087C:  CLRF   4A
087D:  MOVLW  7A
087E:  MOVWF  49
087F:  MOVLW  86
0880:  MOVWF  48
0881:  BCF    0A.3
0882:  CALL   15E
0883:  BSF    0A.3
0884:  MOVF   7A,W
0885:  MOVWF  45
0886:  MOVF   79,W
0887:  MOVWF  44
0888:  MOVF   78,W
0889:  MOVWF  43
088A:  MOVF   77,W
088B:  MOVWF  42
088C:  MOVF   45,W
088D:  MOVWF  49
088E:  MOVF   44,W
088F:  MOVWF  48
0890:  MOVF   43,W
0891:  MOVWF  47
0892:  MOVF   42,W
0893:  MOVWF  46
0894:  CLRF   4D
0895:  MOVLW  C0
0896:  MOVWF  4C
0897:  MOVLW  7F
0898:  MOVWF  4B
0899:  MOVLW  88
089A:  MOVWF  4A
089B:  BCF    0A.3
089C:  CALL   1D3
089D:  BSF    0A.3
089E:  MOVF   7A,W
089F:  MOVWF  45
08A0:  MOVF   79,W
08A1:  MOVWF  44
08A2:  MOVF   78,W
08A3:  MOVWF  43
08A4:  MOVF   77,W
08A5:  MOVWF  42
08A6:  BCF    03.1
08A7:  MOVF   45,W
08A8:  MOVWF  49
08A9:  MOVF   44,W
08AA:  MOVWF  48
08AB:  MOVF   43,W
08AC:  MOVWF  47
08AD:  MOVF   42,W
08AE:  MOVWF  46
08AF:  CLRF   4D
08B0:  CLRF   4C
08B1:  MOVLW  20
08B2:  MOVWF  4B
08B3:  MOVLW  83
08B4:  MOVWF  4A
08B5:  BCF    0A.3
08B6:  CALL   29D
08B7:  BSF    0A.3
08B8:  MOVF   7A,W
08B9:  MOVWF  45
08BA:  MOVF   79,W
08BB:  MOVWF  44
08BC:  MOVF   78,W
08BD:  MOVWF  43
08BE:  MOVF   77,W
08BF:  MOVWF  42
08C0:  BCF    0A.3
08C1:  CALL   3DE
08C2:  BSF    0A.3
08C3:  MOVF   79,W
08C4:  MOVWF  40
08C5:  MOVF   78,W
08C6:  MOVWF  3F
....................   printf(LCD_PUTC,"\fRef:%lu",refangle);     // print the reference angle value to the LCD. 
08C7:  MOVLW  76
08C8:  BSF    03.6
08C9:  MOVWF  0D
08CA:  MOVLW  00
08CB:  MOVWF  0F
08CC:  BCF    03.0
08CD:  MOVLW  05
08CE:  BCF    03.6
08CF:  MOVWF  42
08D0:  BCF    0A.3
08D1:  CALL   43B
08D2:  BSF    0A.3
08D3:  MOVLW  10
08D4:  MOVWF  04
08D5:  MOVF   40,W
08D6:  MOVWF  43
08D7:  MOVF   3F,W
08D8:  MOVWF  42
08D9:  BCF    0A.3
08DA:  CALL   492
08DB:  BSF    0A.3
....................   delay_ms(10);                              // 10mSec delay time 
08DC:  MOVLW  0A
08DD:  MOVWF  4C
08DE:  BCF    0A.3
08DF:  CALL   09C
08E0:  BSF    0A.3
....................    
....................   set_adc_channel(1);                        // Prepare for RA0/AN0 ADC operation 
08E1:  MOVLW  08
08E2:  MOVWF  78
08E3:  MOVF   1F,W
08E4:  ANDLW  C7
08E5:  IORWF  78,W
08E6:  MOVWF  1F
....................   delay_us(10);                              // 10mSec delay time 
08E7:  MOVLW  02
08E8:  MOVWF  77
08E9:  DECFSZ 77,F
08EA:  GOTO   0E9
08EB:  GOTO   0EC
08EC:  NOP
....................   Kp = read_adc()*60f/1023+20 ;            // ADC'den okunan veriyi formül ile  Kp deðerine çevir. 
08ED:  BSF    1F.2
08EE:  BTFSC  1F.2
08EF:  GOTO   0EE
08F0:  MOVF   1E,W
08F1:  MOVWF  7A
08F2:  BSF    03.5
08F3:  MOVF   1E,W
08F4:  BCF    03.5
08F5:  MOVWF  42
08F6:  MOVF   1E,W
08F7:  MOVWF  43
08F8:  MOVWF  45
08F9:  MOVF   42,W
08FA:  MOVWF  44
08FB:  BCF    0A.3
08FC:  CALL   141
08FD:  BSF    0A.3
08FE:  MOVF   7A,W
08FF:  MOVWF  47
0900:  MOVF   79,W
0901:  MOVWF  46
0902:  MOVF   78,W
0903:  MOVWF  45
0904:  MOVF   77,W
0905:  MOVWF  44
0906:  CLRF   4B
0907:  CLRF   4A
0908:  MOVLW  70
0909:  MOVWF  49
090A:  MOVLW  84
090B:  MOVWF  48
090C:  BCF    0A.3
090D:  CALL   15E
090E:  BSF    0A.3
090F:  MOVF   7A,W
0910:  MOVWF  45
0911:  MOVF   79,W
0912:  MOVWF  44
0913:  MOVF   78,W
0914:  MOVWF  43
0915:  MOVF   77,W
0916:  MOVWF  42
0917:  MOVF   45,W
0918:  MOVWF  49
0919:  MOVF   44,W
091A:  MOVWF  48
091B:  MOVF   43,W
091C:  MOVWF  47
091D:  MOVF   42,W
091E:  MOVWF  46
091F:  CLRF   4D
0920:  MOVLW  C0
0921:  MOVWF  4C
0922:  MOVLW  7F
0923:  MOVWF  4B
0924:  MOVLW  88
0925:  MOVWF  4A
0926:  BCF    0A.3
0927:  CALL   1D3
0928:  BSF    0A.3
0929:  MOVF   7A,W
092A:  MOVWF  45
092B:  MOVF   79,W
092C:  MOVWF  44
092D:  MOVF   78,W
092E:  MOVWF  43
092F:  MOVF   77,W
0930:  MOVWF  42
0931:  BCF    03.1
0932:  MOVF   45,W
0933:  MOVWF  49
0934:  MOVF   44,W
0935:  MOVWF  48
0936:  MOVF   43,W
0937:  MOVWF  47
0938:  MOVF   42,W
0939:  MOVWF  46
093A:  CLRF   4D
093B:  CLRF   4C
093C:  MOVLW  20
093D:  MOVWF  4B
093E:  MOVLW  83
093F:  MOVWF  4A
0940:  BCF    0A.3
0941:  CALL   29D
0942:  BSF    0A.3
0943:  MOVF   7A,W
0944:  MOVWF  45
0945:  MOVF   79,W
0946:  MOVWF  44
0947:  MOVF   78,W
0948:  MOVWF  43
0949:  MOVF   77,W
094A:  MOVWF  42
094B:  BCF    0A.3
094C:  CALL   3DE
094D:  BSF    0A.3
094E:  MOVF   79,W
094F:  MOVWF  3E
0950:  MOVF   78,W
0951:  MOVWF  3D
....................   lcd_gotoxy(8,1);                           // LCD'de, belirtilen konuma git 
0952:  MOVLW  08
0953:  MOVWF  4C
0954:  MOVLW  01
0955:  MOVWF  4D
0956:  BCF    0A.3
0957:  CALL   3FD
0958:  BSF    0A.3
....................   printf(LCD_PUTC,",Kp:%lu",Kp);             // Kp deðerini LCD'ye yazdýr. 
0959:  MOVLW  7B
095A:  BSF    03.6
095B:  MOVWF  0D
095C:  MOVLW  00
095D:  MOVWF  0F
095E:  BCF    03.0
095F:  MOVLW  04
0960:  BCF    03.6
0961:  MOVWF  42
0962:  BCF    0A.3
0963:  CALL   43B
0964:  BSF    0A.3
0965:  MOVLW  10
0966:  MOVWF  04
0967:  MOVF   3E,W
0968:  MOVWF  43
0969:  MOVF   3D,W
096A:  MOVWF  42
096B:  BCF    0A.3
096C:  CALL   492
096D:  BSF    0A.3
....................   delay_ms(10);                              // 10mSec delay time 
096E:  MOVLW  0A
096F:  MOVWF  4C
0970:  BCF    0A.3
0971:  CALL   09C
0972:  BSF    0A.3
....................    
....................   change=encoderget();                       // The encoderget() function is executed.  
0973:  BCF    0A.3
0974:  CALL   4F5
0975:  BSF    0A.3
0976:  CLRF   7A
0977:  MOVF   78,W
0978:  BTFSC  78.7
0979:  DECF   7A,F
097A:  MOVWF  32
097B:  MOVF   7A,W
097C:  MOVWF  33
....................                                              // The 'value' value obtained as a result of the operation of the function is loaded into the "change" variable.  
....................                                              // What is loaded into the "change" variable is actually the position change information obtained as a result of the movement of the motor. 
....................       if(change) 
097D:  MOVF   32,W
097E:  IORWF  33,W
097F:  BTFSC  03.2
0980:  GOTO   187
....................             { 
....................             realposition =realposition+change;  // position change information obtained as a result of the movement of the motor is added to the previous position information of the motor (+ or -)             
0981:  MOVF   32,W
0982:  ADDWF  3B,F
0983:  MOVF   33,W
0984:  BTFSC  03.0
0985:  INCFSZ 33,W
0986:  ADDWF  3C,F
....................             }  
....................         
....................       error=refangle - realposition ;        // The difference between the reference position information and the current position of the motor is found and loaded into the "error" variable 
0987:  MOVF   3B,W
0988:  SUBWF  3F,W
0989:  MOVWF  77
098A:  MOVF   40,W
098B:  MOVWF  7A
098C:  MOVF   3C,W
098D:  BTFSS  03.0
098E:  INCFSZ 3C,W
098F:  SUBWF  7A,F
0990:  MOVF   77,W
0991:  MOVWF  2D
0992:  MOVF   7A,W
0993:  MOVWF  2E
....................       printf(LCD_PUTC," \nEr:%li",error);    // print error value to LCD 
0994:  MOVLW  7F
0995:  BSF    03.6
0996:  MOVWF  0D
0997:  MOVLW  00
0998:  MOVWF  0F
0999:  BCF    03.0
099A:  MOVLW  05
099B:  BCF    03.6
099C:  MOVWF  42
099D:  BCF    0A.3
099E:  CALL   43B
099F:  BSF    0A.3
09A0:  MOVLW  10
09A1:  MOVWF  04
09A2:  MOVF   2E,W
09A3:  MOVWF  43
09A4:  MOVF   2D,W
09A5:  MOVWF  42
09A6:  BCF    0A.3
09A7:  CALL   50E
09A8:  BSF    0A.3
....................       lcd_gotoxy(8,2);                       // Go to the specified location on the LCD 
09A9:  MOVLW  08
09AA:  MOVWF  4C
09AB:  MOVLW  02
09AC:  MOVWF  4D
09AD:  BCF    0A.3
09AE:  CALL   3FD
09AF:  BSF    0A.3
....................       printf(LCD_PUTC,",Pwm:%li",duty_cycle); //Print pwm duty cycle value to LCD  
09B0:  MOVLW  84
09B1:  BSF    03.6
09B2:  MOVWF  0D
09B3:  MOVLW  00
09B4:  MOVWF  0F
09B5:  BCF    03.0
09B6:  MOVLW  05
09B7:  BCF    03.6
09B8:  MOVWF  42
09B9:  BCF    0A.3
09BA:  CALL   43B
09BB:  BSF    0A.3
09BC:  MOVLW  10
09BD:  MOVWF  04
09BE:  MOVF   30,W
09BF:  MOVWF  43
09C0:  MOVF   2F,W
09C1:  MOVWF  42
09C2:  BCF    0A.3
09C3:  CALL   50E
09C4:  BSF    0A.3
....................       delay_ms(100);                         // 100mSec delay time 
09C5:  MOVLW  64
09C6:  MOVWF  4C
09C7:  BCF    0A.3
09C8:  CALL   09C
09C9:  BSF    0A.3
....................              
....................        while(error!=0)                       // If "error" value is different from 0 
09CA:  MOVF   2D,F
09CB:  BTFSS  03.2
09CC:  GOTO   1D0
09CD:  MOVF   2E,F
09CE:  BTFSC  03.2
09CF:  GOTO   2B5
....................        { 
....................           duty_cycle= abs(Kp*error);         // Determine the absolute value of the result of multiplying the "error" value with the "Kp" value as the pwm duty cycle value 
09D0:  MOVF   3E,W
09D1:  MOVWF  43
09D2:  MOVF   3D,W
09D3:  MOVWF  42
09D4:  MOVF   2E,W
09D5:  MOVWF  45
09D6:  MOVF   2D,W
09D7:  MOVWF  44
09D8:  BCF    0A.3
09D9:  CALL   58E
09DA:  BSF    0A.3
09DB:  MOVF   79,W
09DC:  MOVWF  43
09DD:  MOVF   78,W
09DE:  MOVWF  42
09DF:  MOVF   43,W
09E0:  MOVWF  7A
09E1:  MOVF   42,W
09E2:  BTFSS  43.7
09E3:  GOTO   1ED
09E4:  MOVF   42,W
09E5:  SUBLW  00
09E6:  MOVWF  77
09E7:  CLRF   7A
09E8:  MOVF   43,W
09E9:  BTFSS  03.0
09EA:  INCFSZ 43,W
09EB:  SUBWF  7A,F
09EC:  MOVF   77,W
09ED:  MOVWF  2F
09EE:  MOVF   7A,W
09EF:  MOVWF  30
....................           if(duty_cycle>=1023){duty_cycle=1023;}  //if the "duty_cycle" value is greater than 1203, set it to 1023. Maximum "duty_cycle" value is 1023 (100%) 
09F0:  BTFSC  30.7
09F1:  GOTO   201
09F2:  MOVF   30,W
09F3:  SUBLW  02
09F4:  BTFSC  03.0
09F5:  GOTO   201
09F6:  XORLW  FF
09F7:  BTFSS  03.2
09F8:  GOTO   1FD
09F9:  MOVF   2F,W
09FA:  SUBLW  FE
09FB:  BTFSC  03.0
09FC:  GOTO   201
09FD:  MOVLW  03
09FE:  MOVWF  30
09FF:  MOVLW  FF
0A00:  MOVWF  2F
....................           set_pwm1_duty(duty_cycle);              // Update duty cycle rate of PWM signal received from PWM1 output 
0A01:  MOVF   30,W
0A02:  MOVWF  79
0A03:  MOVF   2F,W
0A04:  MOVWF  78
0A05:  RRF    79,F
0A06:  RRF    78,F
0A07:  RRF    79,F
0A08:  RRF    78,F
0A09:  RRF    79,F
0A0A:  MOVF   78,W
0A0B:  MOVWF  15
0A0C:  RRF    79,F
0A0D:  RRF    79,W
0A0E:  ANDLW  30
0A0F:  MOVWF  77
0A10:  MOVF   17,W
0A11:  ANDLW  CF
0A12:  IORWF  77,W
0A13:  MOVWF  17
....................           if(error>0)                             // If "error" value is greater than 0 
0A14:  BTFSC  2E.7
0A15:  GOTO   226
0A16:  MOVF   2E,F
0A17:  BTFSS  03.2
0A18:  GOTO   21D
0A19:  MOVF   2D,W
0A1A:  SUBLW  00
0A1B:  BTFSC  03.0
0A1C:  GOTO   226
....................           { 
....................           output_low(in1);                        // 0 is given to motor driver input "in1" 
0A1D:  BSF    03.5
0A1E:  BCF    06.1
0A1F:  BCF    03.5
0A20:  BCF    06.1
....................           output_high(in2);                       // 1 is given to the motor driver "in2" input 
0A21:  BSF    03.5
0A22:  BCF    06.2
0A23:  BCF    03.5
0A24:  BSF    06.2
....................                                                   // According to this situation, the motor moves forward. 
....................           }          
0A25:  GOTO   230
....................           else if(error<0)                         // If "error" value is greater than 0 
0A26:  BTFSS  2E.7
0A27:  GOTO   230
....................           { 
....................           output_high(in1);                        // 1 is given to the motor driver "in1" input 
0A28:  BSF    03.5
0A29:  BCF    06.1
0A2A:  BCF    03.5
0A2B:  BSF    06.1
....................           output_low(in2);                         // 0 is given to motor driver input "in2" 
0A2C:  BSF    03.5
0A2D:  BCF    06.2
0A2E:  BCF    03.5
0A2F:  BCF    06.2
....................                                                    // In this case, the motor moves backwards. 
....................           }        
....................           change=encoderget();               // The encoderget() function is executed. 
0A30:  BCF    0A.3
0A31:  CALL   4F5
0A32:  BSF    0A.3
0A33:  CLRF   7A
0A34:  MOVF   78,W
0A35:  BTFSC  78.7
0A36:  DECF   7A,F
0A37:  MOVWF  32
0A38:  MOVF   7A,W
0A39:  MOVWF  33
....................                                              // The value value obtained as a result of the operation of the function is loaded into the "change" variable.  
....................                                              // What is loaded into the "change" variable is actually the position change information obtained as a result of the movement of the motor. 
....................           realposition =realposition+change; //position change information obtained as a result of the movement of the motor is added to the previous position information of the motor (+ or -)    
0A3A:  MOVF   32,W
0A3B:  ADDWF  3B,F
0A3C:  MOVF   33,W
0A3D:  BTFSC  03.0
0A3E:  INCFSZ 33,W
0A3F:  ADDWF  3C,F
....................           error=refangle - realposition;     // The difference between the reference position information and the current position of the motor is found and loaded into the "error" variable. 
0A40:  MOVF   3B,W
0A41:  SUBWF  3F,W
0A42:  MOVWF  77
0A43:  MOVF   40,W
0A44:  MOVWF  7A
0A45:  MOVF   3C,W
0A46:  BTFSS  03.0
0A47:  INCFSZ 3C,W
0A48:  SUBWF  7A,F
0A49:  MOVF   77,W
0A4A:  MOVWF  2D
0A4B:  MOVF   7A,W
0A4C:  MOVWF  2E
....................           printf(LCD_PUTC,"\fRef:%lu",refangle);      // print the reference angle value to the LCD. 
0A4D:  MOVLW  89
0A4E:  BSF    03.6
0A4F:  MOVWF  0D
0A50:  MOVLW  00
0A51:  MOVWF  0F
0A52:  BCF    03.0
0A53:  MOVLW  05
0A54:  BCF    03.6
0A55:  MOVWF  42
0A56:  BCF    0A.3
0A57:  CALL   43B
0A58:  BSF    0A.3
0A59:  MOVLW  10
0A5A:  MOVWF  04
0A5B:  MOVF   40,W
0A5C:  MOVWF  43
0A5D:  MOVF   3F,W
0A5E:  MOVWF  42
0A5F:  BCF    0A.3
0A60:  CALL   492
0A61:  BSF    0A.3
....................           lcd_gotoxy(8,1);                            // Go to the specified location on the LCD 
0A62:  MOVLW  08
0A63:  MOVWF  4C
0A64:  MOVLW  01
0A65:  MOVWF  4D
0A66:  BCF    0A.3
0A67:  CALL   3FD
0A68:  BSF    0A.3
....................           printf(LCD_PUTC,",Kp:%lu",Kp);              // Print the Kp value to the LCD. 
0A69:  MOVLW  8E
0A6A:  BSF    03.6
0A6B:  MOVWF  0D
0A6C:  MOVLW  00
0A6D:  MOVWF  0F
0A6E:  BCF    03.0
0A6F:  MOVLW  04
0A70:  BCF    03.6
0A71:  MOVWF  42
0A72:  BCF    0A.3
0A73:  CALL   43B
0A74:  BSF    0A.3
0A75:  MOVLW  10
0A76:  MOVWF  04
0A77:  MOVF   3E,W
0A78:  MOVWF  43
0A79:  MOVF   3D,W
0A7A:  MOVWF  42
0A7B:  BCF    0A.3
0A7C:  CALL   492
0A7D:  BSF    0A.3
....................           printf(LCD_PUTC," \nEr:%li",error);         // print error value to LCD 
0A7E:  MOVLW  92
0A7F:  BSF    03.6
0A80:  MOVWF  0D
0A81:  MOVLW  00
0A82:  MOVWF  0F
0A83:  BCF    03.0
0A84:  MOVLW  05
0A85:  BCF    03.6
0A86:  MOVWF  42
0A87:  BCF    0A.3
0A88:  CALL   43B
0A89:  BSF    0A.3
0A8A:  MOVLW  10
0A8B:  MOVWF  04
0A8C:  MOVF   2E,W
0A8D:  MOVWF  43
0A8E:  MOVF   2D,W
0A8F:  MOVWF  42
0A90:  BCF    0A.3
0A91:  CALL   50E
0A92:  BSF    0A.3
....................           lcd_gotoxy(8,2);                            // Go to the specified location on the LCD 
0A93:  MOVLW  08
0A94:  MOVWF  4C
0A95:  MOVLW  02
0A96:  MOVWF  4D
0A97:  BCF    0A.3
0A98:  CALL   3FD
0A99:  BSF    0A.3
....................           printf(LCD_PUTC,",Pwm:%li",duty_cycle);     // Print pwm duty cycle value to LCD 
0A9A:  MOVLW  97
0A9B:  BSF    03.6
0A9C:  MOVWF  0D
0A9D:  MOVLW  00
0A9E:  MOVWF  0F
0A9F:  BCF    03.0
0AA0:  MOVLW  05
0AA1:  BCF    03.6
0AA2:  MOVWF  42
0AA3:  BCF    0A.3
0AA4:  CALL   43B
0AA5:  BSF    0A.3
0AA6:  MOVLW  10
0AA7:  MOVWF  04
0AA8:  MOVF   30,W
0AA9:  MOVWF  43
0AAA:  MOVF   2F,W
0AAB:  MOVWF  42
0AAC:  BCF    0A.3
0AAD:  CALL   50E
0AAE:  BSF    0A.3
....................            delay_ms(20);                              // 20mSec delay time 
0AAF:  MOVLW  14
0AB0:  MOVWF  4C
0AB1:  BCF    0A.3
0AB2:  CALL   09C
0AB3:  BSF    0A.3
0AB4:  GOTO   1CA
....................        }  
....................           duty_cycle= abs(Kp*error);                  // Determine the absolute value of the result of multiplying the "error" value with the "Kp" value as the pwm duty cycle value 
0AB5:  MOVF   3E,W
0AB6:  MOVWF  43
0AB7:  MOVF   3D,W
0AB8:  MOVWF  42
0AB9:  MOVF   2E,W
0ABA:  MOVWF  45
0ABB:  MOVF   2D,W
0ABC:  MOVWF  44
0ABD:  BCF    0A.3
0ABE:  CALL   58E
0ABF:  BSF    0A.3
0AC0:  MOVF   79,W
0AC1:  MOVWF  43
0AC2:  MOVF   78,W
0AC3:  MOVWF  42
0AC4:  MOVF   43,W
0AC5:  MOVWF  7A
0AC6:  MOVF   42,W
0AC7:  BTFSS  43.7
0AC8:  GOTO   2D2
0AC9:  MOVF   42,W
0ACA:  SUBLW  00
0ACB:  MOVWF  77
0ACC:  CLRF   7A
0ACD:  MOVF   43,W
0ACE:  BTFSS  03.0
0ACF:  INCFSZ 43,W
0AD0:  SUBWF  7A,F
0AD1:  MOVF   77,W
0AD2:  MOVWF  2F
0AD3:  MOVF   7A,W
0AD4:  MOVWF  30
....................                                                       // Since the "error" value will be 0 as a result of the position correction, the content of the "duty_cycle" variable will also be 0. 
....................           set_pwm1_duty(duty_cycle);                  // The duty cycle rate of the PWM signal received from the PWM1 output is updated to 0 and the motor stops. 
0AD5:  MOVF   30,W
0AD6:  MOVWF  79
0AD7:  MOVF   2F,W
0AD8:  MOVWF  78
0AD9:  RRF    79,F
0ADA:  RRF    78,F
0ADB:  RRF    79,F
0ADC:  RRF    78,F
0ADD:  RRF    79,F
0ADE:  MOVF   78,W
0ADF:  MOVWF  15
0AE0:  RRF    79,F
0AE1:  RRF    79,W
0AE2:  ANDLW  30
0AE3:  MOVWF  77
0AE4:  MOVF   17,W
0AE5:  ANDLW  CF
0AE6:  IORWF  77,W
0AE7:  MOVWF  17
....................           delay_ms(100);                              // 100mSec delay time 
0AE8:  MOVLW  64
0AE9:  MOVWF  4C
0AEA:  BCF    0A.3
0AEB:  CALL   09C
0AEC:  BSF    0A.3
....................           rev=realposition/360.0f;                    // 360 represents encoder pulses per revolution 
0AED:  MOVF   3C,W
0AEE:  MOVWF  45
0AEF:  MOVF   3B,W
0AF0:  MOVWF  44
0AF1:  BCF    0A.3
0AF2:  CALL   141
0AF3:  BSF    0A.3
0AF4:  MOVF   7A,W
0AF5:  MOVWF  49
0AF6:  MOVF   79,W
0AF7:  MOVWF  48
0AF8:  MOVF   78,W
0AF9:  MOVWF  47
0AFA:  MOVF   77,W
0AFB:  MOVWF  46
0AFC:  CLRF   4D
0AFD:  CLRF   4C
0AFE:  MOVLW  34
0AFF:  MOVWF  4B
0B00:  MOVLW  87
0B01:  MOVWF  4A
0B02:  BCF    0A.3
0B03:  CALL   1D3
0B04:  BSF    0A.3
0B05:  MOVF   7A,W
0B06:  MOVWF  45
0B07:  MOVF   79,W
0B08:  MOVWF  44
0B09:  MOVF   78,W
0B0A:  MOVWF  43
0B0B:  MOVF   77,W
0B0C:  MOVWF  42
0B0D:  BCF    0A.3
0B0E:  CALL   3DE
0B0F:  BSF    0A.3
0B10:  MOVF   79,W
0B11:  MOVWF  2C
0B12:  MOVF   78,W
0B13:  MOVWF  2B
....................           angle = ((int16)(rev*360))%360;             // The real-time angle value is calculated here. 
0B14:  MOVF   2C,W
0B15:  MOVWF  43
0B16:  MOVF   2B,W
0B17:  MOVWF  42
0B18:  MOVLW  01
0B19:  MOVWF  45
0B1A:  MOVLW  68
0B1B:  MOVWF  44
0B1C:  BCF    0A.3
0B1D:  CALL   58E
0B1E:  BSF    0A.3
0B1F:  MOVF   79,W
0B20:  MOVWF  7A
0B21:  MOVF   78,W
0B22:  MOVWF  42
0B23:  MOVF   7A,W
0B24:  MOVWF  43
0B25:  MOVWF  45
0B26:  MOVF   42,W
0B27:  MOVWF  44
0B28:  MOVLW  01
0B29:  MOVWF  47
0B2A:  MOVLW  68
0B2B:  MOVWF  46
0B2C:  BCF    0A.3
0B2D:  GOTO   5BC
0B2E:  BSF    0A.3
0B2F:  MOVF   77,W
0B30:  MOVWF  34
0B31:  MOVF   7A,W
0B32:  MOVWF  35
0B33:  GOTO   056
....................                                                        
....................                                                        
.................... }} 
....................      
0B34:  SLEEP

Configuration Fuses:
   Word  1: 3F39   XT NOWDT NOPUT NOBROWNOUT NOLVP NOCPD NOWRT NODEBUG NOPROTECT
